******************************************************************************
             TMS320C2000 Linker PC v20.2.1                     
******************************************************************************
>> Linked Sun Feb 13 14:57:03 2022

OUTPUT FILE NAME:   <../datalogger_target.out>
ENTRY POINT SYMBOL: "_c_int00"  address: 0008149e


MEMORY CONFIGURATION

         name            origin    length      used     unused   attr    fill
----------------------  --------  ---------  --------  --------  ----  --------
PAGE 0:
  RAMM0                 000000f5   0000030b  00000000  0000030b  RWIX
  RAMLS_PROG            0000a000   00002000  00000050  00001fb0  RWIX
  BEGIN                 00080000   00000002  00000002  00000000  RWIX
  FLASH_BANK0_SEC       00080002   0000fffe  000018ef  0000e70f  RWIX
  FLASH_BANK1_SEC       00090000   00010000  00000000  00010000  RWIX
  RESET                 003fffc0   00000002  00000000  00000002  RWIX

PAGE 1:
  BOOT_RSVD             00000002   000000f3  00000000  000000f3  RWIX
  RAMM1                 00000400   00000400  00000400  00000000  RWIX
  ADCA_RESULT           00000b00   00000020  00000018  00000008  RWIX
  ADCB_RESULT           00000b20   00000020  00000018  00000008  RWIX
  ADCC_RESULT           00000b40   00000020  00000018  00000008  RWIX
  CPU_TIMER0            00000c00   00000008  00000008  00000000  RWIX
  CPU_TIMER1            00000c08   00000008  00000008  00000000  RWIX
  CPU_TIMER2            00000c10   00000008  00000008  00000000  RWIX
  PIE_CTRL              00000ce0   00000020  0000001a  00000006  RWIX
  PIE_VECT              00000d00   00000200  000001c0  00000040  RWIX
  DMA                   00001000   00000200  000000e0  00000120  RWIX
  CLA1                  00001400   00000080  00000080  00000000  RWIX
  CLA1_MSGRAMLOW        00001480   00000080  00000000  00000080  RWIX
  CLA1_MSGRAMHIGH       00001500   00000080  00000000  00000080  RWIX
  EPWM1                 00004000   00000100  00000100  00000000  RWIX
  EPWM2                 00004100   00000100  00000100  00000000  RWIX
  EPWM3                 00004200   00000100  00000100  00000000  RWIX
  EPWM4                 00004300   00000100  00000100  00000000  RWIX
  EPWM5                 00004400   00000100  00000100  00000000  RWIX
  EPWM6                 00004500   00000100  00000100  00000000  RWIX
  EPWM7                 00004600   00000100  00000100  00000000  RWIX
  EPWM8                 00004700   00000100  00000100  00000000  RWIX
  EQEP1                 00005100   00000040  00000040  00000000  RWIX
  EQEP2                 00005140   00000040  00000040  00000000  RWIX
  ECAP1                 00005200   00000040  00000020  00000020  RWIX
  ECAP2                 00005240   00000040  00000020  00000020  RWIX
  ECAP3                 00005280   00000040  00000020  00000020  RWIX
  ECAP4                 000052c0   00000040  00000020  00000020  RWIX
  ECAP5                 00005300   00000040  00000020  00000020  RWIX
  ECAP6                 00005340   00000040  00000020  00000020  RWIX
  ECAP7                 00005380   00000040  00000020  00000020  RWIX
  PGA1                  00005b00   00000010  00000010  00000000  RWIX
  PGA2                  00005b10   00000010  00000010  00000000  RWIX
  PGA3                  00005b20   00000010  00000010  00000000  RWIX
  PGA4                  00005b30   00000010  00000010  00000000  RWIX
  PGA5                  00005b40   00000010  00000010  00000000  RWIX
  PGA6                  00005b50   00000010  00000010  00000000  RWIX
  PGA7                  00005b60   00000010  00000010  00000000  RWIX
  DACA                  00005c00   00000010  00000008  00000008  RWIX
  DACB                  00005c10   00000010  00000008  00000008  RWIX
  CMPSS1                00005c80   00000020  00000020  00000000  RWIX
  CMPSS2                00005ca0   00000020  00000020  00000000  RWIX
  CMPSS3                00005cc0   00000020  00000020  00000000  RWIX
  CMPSS4                00005ce0   00000020  00000020  00000000  RWIX
  CMPSS5                00005d00   00000020  00000020  00000000  RWIX
  CMPSS6                00005d20   00000020  00000020  00000000  RWIX
  CMPSS7                00005d40   00000020  00000020  00000000  RWIX
  SDFM1                 00005e00   00000080  00000070  00000010  RWIX
  SPIA                  00006100   00000010  00000010  00000000  RWIX
  SPIB                  00006110   00000010  00000010  00000000  RWIX
  CLAPROMCRC            000061c0   00000020  00000020  00000000  RWIX
  PMBUSA                00006400   00000020  00000020  00000000  RWIX
  FSITXA                00006600   00000080  00000042  0000003e  RWIX
  FSIRXA                00006680   00000080  00000042  0000003e  RWIX
  LINA                  00006a00   00000100  000000ec  00000014  RWIX
  LINB                  00006b00   00000100  000000ec  00000014  RWIX
  WD                    00007000   00000040  0000002b  00000015  RWIX
  NMIINTRUPT            00007060   00000010  00000007  00000009  RWIX
  XINT                  00007070   00000010  0000000b  00000005  RWIX
  SCIA                  00007200   00000010  00000010  00000000  RWIX
  SCIB                  00007210   00000010  00000010  00000000  RWIX
  I2CA                  00007300   00000040  00000022  0000001e  RWIX
  ADCA                  00007400   00000080  00000080  00000000  RWIX
  ADCB                  00007480   00000080  00000080  00000000  RWIX
  ADCC                  00007500   00000080  00000080  00000000  RWIX
  INPUT_XBAR            00007900   00000020  00000020  00000000  RWIX
  XBAR                  00007920   00000020  00000020  00000000  RWIX
  SYNC_SOC              00007940   00000010  00000006  0000000a  RWIX
  DMACLASRCSEL          00007980   00000040  0000001a  00000026  RWIX
  EPWM_XBAR             00007a00   00000040  00000040  00000000  RWIX
  CLB_XBAR              00007a40   00000040  00000000  00000040  RWIX
  OUTPUT_XBAR           00007a80   00000040  00000040  00000000  RWIX
  GPIOCTRL              00007c00   00000200  00000200  00000000  RWIX
  GPIODAT               00007f00   00000040  0000003a  00000006  RWIX
  RAMLS_DATA            00008000   00002000  00000000  00002000  RWIX
  RAMGS_DATA            0000c000   00008000  000000c0  00007f40  RWIX
  CANA                  00048000   00000800  00000200  00000600  RWIX
  CANB                  0004a000   00000800  00000200  00000600  RWIX
  DEV_CFG               0005d000   00000180  00000132  0000004e  RWIX
  CLK_CFG               0005d200   00000100  00000034  000000cc  RWIX
  CPU_SYS               0005d300   00000100  00000082  0000007e  RWIX
  PERIPH_AC             0005d500   00000200  00000200  00000000  RWIX
  ANALOG_SUBSYS         0005d700   00000100  00000090  00000070  RWIX
  DCC0                  0005e700   00000040  0000002c  00000014  RWIX
  ERAD_GLOBAL           0005e800   00000013  00000013  00000000  RWIX
  ERAD_HWBP1            0005e900   00000008  00000008  00000000  RWIX
  ERAD_HWBP2            0005e908   00000008  00000008  00000000  RWIX
  ERAD_HWBP3            0005e910   00000008  00000008  00000000  RWIX
  ERAD_HWBP4            0005e918   00000008  00000008  00000000  RWIX
  ERAD_HWBP5            0005e920   00000008  00000008  00000000  RWIX
  ERAD_HWBP6            0005e928   00000008  00000008  00000000  RWIX
  ERAD_HWBP7            0005e930   00000008  00000008  00000000  RWIX
  ERAD_HWBP8            0005e938   00000008  00000008  00000000  RWIX
  ERAD_CTR1             0005e980   00000010  00000010  00000000  RWIX
  ERAD_CTR2             0005e990   00000010  00000010  00000000  RWIX
  ERAD_CTR3             0005e9a0   00000010  00000010  00000000  RWIX
  ERAD_CTR4             0005e9b0   00000010  00000010  00000000  RWIX
  DCSM_BANK0_Z1         0005f000   00000030  00000024  0000000c  RWIX
  DCSM_BANK0_Z2         0005f040   00000030  00000024  0000000c  RWIX
  DCSM_COMMON           0005f070   00000010  00000010  00000000  RWIX
  DCSM_BANK1_Z1         0005f100   00000030  00000024  0000000c  RWIX
  DCSM_BANK1_Z2         0005f140   00000030  00000024  0000000c  RWIX
  MEMCFG                0005f400   00000080  00000080  00000000  RWIX
  ACCESSPROTECTION      0005f4c0   00000040  00000040  00000000  RWIX
  MEMORYERROR           0005f500   00000040  00000040  00000000  RWIX
  FLASH0_CTRL           0005f800   00000300  00000182  0000017e  RWIX
  FLASH0_ECC            0005fb00   00000040  00000028  00000018  RWIX


SECTION ALLOCATION MAP

 output                                  attributes/
section   page    origin      length       input sections
--------  ----  ----------  ----------   ----------------
ramfuncs   0    0000a000    00000000     UNINITIALIZED

codestart 
*          0    00080000    00000002     
                  00080000    00000002     f28004x_codestartbranch.obj (codestart)

.cinit     0    0008187c    00000079     
                  0008187c    0000003d     datalogger_target_data.obj (.cinit)
                  000818b9    0000000e     rts2800_fpu32.lib : exit.c.obj (.cinit)
                  000818c7    0000000c     datalogger_target.obj (.cinit)
                  000818d3    00000005     rts2800_fpu32.lib : _lock.c.obj (.cinit:__lock)
                  000818d8    00000005                       : _lock.c.obj (.cinit:__unlock)
                  000818dd    00000005     ert_main.obj (.cinit:_isRateRunning)
                  000818e2    00000005     ert_main.obj (.cinit:_need2runFlags)
                  000818e7    00000004     MW_c28xGPIO.obj (.cinit)
                  000818eb    00000004     MW_c28xx_adc.obj (.cinit)
                  000818ef    00000004     ert_main.obj (.cinit)
                  000818f3    00000002     --HOLE-- [fill = 0]

AdcaResultFile 
*          1    00000b00    00000018     UNINITIALIZED
                  00000b00    00000018     f28004x_globalvariabledefs.obj (AdcaResultFile)

AdcbResultFile 
*          1    00000b20    00000018     UNINITIALIZED
                  00000b20    00000018     f28004x_globalvariabledefs.obj (AdcbResultFile)

AdccResultFile 
*          1    00000b40    00000018     UNINITIALIZED
                  00000b40    00000018     f28004x_globalvariabledefs.obj (AdccResultFile)

CpuTimer0RegsFile 
*          1    00000c00    00000008     UNINITIALIZED
                  00000c00    00000008     f28004x_globalvariabledefs.obj (CpuTimer0RegsFile)

CpuTimer1RegsFile 
*          1    00000c08    00000008     UNINITIALIZED
                  00000c08    00000008     f28004x_globalvariabledefs.obj (CpuTimer1RegsFile)

CpuTimer2RegsFile 
*          1    00000c10    00000008     UNINITIALIZED
                  00000c10    00000008     f28004x_globalvariabledefs.obj (CpuTimer2RegsFile)

PieCtrlRegsFile 
*          1    00000ce0    0000001a     UNINITIALIZED
                  00000ce0    0000001a     f28004x_globalvariabledefs.obj (PieCtrlRegsFile)

PieVectTableFile 
*          1    00000d00    000001c0     UNINITIALIZED
                  00000d00    000001c0     f28004x_globalvariabledefs.obj (PieVectTableFile)

EmuKeyVar 
*          1    00000d00    00000000     UNINITIALIZED

EmuBModeVar 
*          1    00000d00    00000000     UNINITIALIZED

FlashCallbackVar 
*          1    00000d00    00000000     UNINITIALIZED

FlashScalingVar 
*          1    00000d00    00000000     UNINITIALIZED

DmaRegsFile 
*          1    00001000    000000e0     UNINITIALIZED
                  00001000    000000e0     f28004x_globalvariabledefs.obj (DmaRegsFile)

Cla1RegsFile 
*          1    00001400    00000080     UNINITIALIZED
                  00001400    00000080     f28004x_globalvariabledefs.obj (Cla1RegsFile)

EPwm1RegsFile 
*          1    00004000    00000100     UNINITIALIZED
                  00004000    00000100     f28004x_globalvariabledefs.obj (EPwm1RegsFile)

EPwm2RegsFile 
*          1    00004100    00000100     UNINITIALIZED
                  00004100    00000100     f28004x_globalvariabledefs.obj (EPwm2RegsFile)

EPwm3RegsFile 
*          1    00004200    00000100     UNINITIALIZED
                  00004200    00000100     f28004x_globalvariabledefs.obj (EPwm3RegsFile)

EPwm4RegsFile 
*          1    00004300    00000100     UNINITIALIZED
                  00004300    00000100     f28004x_globalvariabledefs.obj (EPwm4RegsFile)

EPwm5RegsFile 
*          1    00004400    00000100     UNINITIALIZED
                  00004400    00000100     f28004x_globalvariabledefs.obj (EPwm5RegsFile)

EPwm6RegsFile 
*          1    00004500    00000100     UNINITIALIZED
                  00004500    00000100     f28004x_globalvariabledefs.obj (EPwm6RegsFile)

EPwm7RegsFile 
*          1    00004600    00000100     UNINITIALIZED
                  00004600    00000100     f28004x_globalvariabledefs.obj (EPwm7RegsFile)

EPwm8RegsFile 
*          1    00004700    00000100     UNINITIALIZED
                  00004700    00000100     f28004x_globalvariabledefs.obj (EPwm8RegsFile)

EQep1RegsFile 
*          1    00005100    00000040     UNINITIALIZED
                  00005100    00000040     f28004x_globalvariabledefs.obj (EQep1RegsFile)

EQep2RegsFile 
*          1    00005140    00000040     UNINITIALIZED
                  00005140    00000040     f28004x_globalvariabledefs.obj (EQep2RegsFile)

ECap1RegsFile 
*          1    00005200    00000020     UNINITIALIZED
                  00005200    00000020     f28004x_globalvariabledefs.obj (ECap1RegsFile)

ECap2RegsFile 
*          1    00005240    00000020     UNINITIALIZED
                  00005240    00000020     f28004x_globalvariabledefs.obj (ECap2RegsFile)

ECap3RegsFile 
*          1    00005280    00000020     UNINITIALIZED
                  00005280    00000020     f28004x_globalvariabledefs.obj (ECap3RegsFile)

ECap4RegsFile 
*          1    000052c0    00000020     UNINITIALIZED
                  000052c0    00000020     f28004x_globalvariabledefs.obj (ECap4RegsFile)

ECap5RegsFile 
*          1    00005300    00000020     UNINITIALIZED
                  00005300    00000020     f28004x_globalvariabledefs.obj (ECap5RegsFile)

ECap6RegsFile 
*          1    00005340    00000020     UNINITIALIZED
                  00005340    00000020     f28004x_globalvariabledefs.obj (ECap6RegsFile)

ECap7RegsFile 
*          1    00005380    00000020     UNINITIALIZED
                  00005380    00000020     f28004x_globalvariabledefs.obj (ECap7RegsFile)

Pga1RegsFile 
*          1    00005b00    00000010     UNINITIALIZED
                  00005b00    00000010     f28004x_globalvariabledefs.obj (Pga1RegsFile)

Pga2RegsFile 
*          1    00005b10    00000010     UNINITIALIZED
                  00005b10    00000010     f28004x_globalvariabledefs.obj (Pga2RegsFile)

Pga3RegsFile 
*          1    00005b20    00000010     UNINITIALIZED
                  00005b20    00000010     f28004x_globalvariabledefs.obj (Pga3RegsFile)

Pga4RegsFile 
*          1    00005b30    00000010     UNINITIALIZED
                  00005b30    00000010     f28004x_globalvariabledefs.obj (Pga4RegsFile)

Pga5RegsFile 
*          1    00005b40    00000010     UNINITIALIZED
                  00005b40    00000010     f28004x_globalvariabledefs.obj (Pga5RegsFile)

Pga6RegsFile 
*          1    00005b50    00000010     UNINITIALIZED
                  00005b50    00000010     f28004x_globalvariabledefs.obj (Pga6RegsFile)

Pga7RegsFile 
*          1    00005b60    00000010     UNINITIALIZED
                  00005b60    00000010     f28004x_globalvariabledefs.obj (Pga7RegsFile)

DacaRegsFile 
*          1    00005c00    00000008     UNINITIALIZED
                  00005c00    00000008     f28004x_globalvariabledefs.obj (DacaRegsFile)

DacbRegsFile 
*          1    00005c10    00000008     UNINITIALIZED
                  00005c10    00000008     f28004x_globalvariabledefs.obj (DacbRegsFile)

Sdfm1RegsFile 
*          1    00005e00    00000070     UNINITIALIZED
                  00005e00    00000070     f28004x_globalvariabledefs.obj (Sdfm1RegsFile)

SpiaRegsFile 
*          1    00006100    00000010     UNINITIALIZED
                  00006100    00000010     f28004x_globalvariabledefs.obj (SpiaRegsFile)

SpibRegsFile 
*          1    00006110    00000010     UNINITIALIZED
                  00006110    00000010     f28004x_globalvariabledefs.obj (SpibRegsFile)

FsiTxaRegsFile 
*          1    00006600    00000042     UNINITIALIZED
                  00006600    00000042     f28004x_globalvariabledefs.obj (FsiTxaRegsFile)

FsiRxaRegsFile 
*          1    00006680    00000042     UNINITIALIZED
                  00006680    00000042     f28004x_globalvariabledefs.obj (FsiRxaRegsFile)

LinaRegsFile 
*          1    00006a00    000000ec     UNINITIALIZED
                  00006a00    000000ec     f28004x_globalvariabledefs.obj (LinaRegsFile)

LinbRegsFile 
*          1    00006b00    000000ec     UNINITIALIZED
                  00006b00    000000ec     f28004x_globalvariabledefs.obj (LinbRegsFile)

WdRegsFile 
*          1    00007000    0000002b     UNINITIALIZED
                  00007000    0000002b     f28004x_globalvariabledefs.obj (WdRegsFile)

NmiIntruptRegsFile 
*          1    00007060    00000007     UNINITIALIZED
                  00007060    00000007     f28004x_globalvariabledefs.obj (NmiIntruptRegsFile)

XintRegsFile 
*          1    00007070    0000000b     UNINITIALIZED
                  00007070    0000000b     f28004x_globalvariabledefs.obj (XintRegsFile)

I2caRegsFile 
*          1    00007300    00000022     UNINITIALIZED
                  00007300    00000022     f28004x_globalvariabledefs.obj (I2caRegsFile)

AdcaRegsFile 
*          1    00007400    00000080     UNINITIALIZED
                  00007400    00000080     f28004x_globalvariabledefs.obj (AdcaRegsFile)

AdcbRegsFile 
*          1    00007480    00000080     UNINITIALIZED
                  00007480    00000080     f28004x_globalvariabledefs.obj (AdcbRegsFile)

AdccRegsFile 
*          1    00007500    00000080     UNINITIALIZED
                  00007500    00000080     f28004x_globalvariabledefs.obj (AdccRegsFile)

CanaRegsFile 
*          1    00048000    00000200     UNINITIALIZED
                  00048000    00000200     f28004x_globalvariabledefs.obj (CanaRegsFile)

CanbRegsFile 
*          1    0004a000    00000200     UNINITIALIZED
                  0004a000    00000200     f28004x_globalvariabledefs.obj (CanbRegsFile)

AnalogSubsysRegsFile 
*          1    0005d700    00000090     UNINITIALIZED
                  0005d700    00000090     f28004x_globalvariabledefs.obj (AnalogSubsysRegsFile)

Cla1SoftIntRegsFile 
*          1    00000ce0    0000000f     DSECT
                  00000ce0    0000000f     f28004x_globalvariabledefs.obj (Cla1SoftIntRegsFile)

ClaPromCrc0RegsFile 
*          1    000061c0    00000020     UNINITIALIZED
                  000061c0    00000020     f28004x_globalvariabledefs.obj (ClaPromCrc0RegsFile)

Cmpss1RegsFile 
*          1    00005c80    00000020     UNINITIALIZED
                  00005c80    00000020     f28004x_globalvariabledefs.obj (Cmpss1RegsFile)

Cmpss2RegsFile 
*          1    00005ca0    00000020     UNINITIALIZED
                  00005ca0    00000020     f28004x_globalvariabledefs.obj (Cmpss2RegsFile)

Cmpss3RegsFile 
*          1    00005cc0    00000020     UNINITIALIZED
                  00005cc0    00000020     f28004x_globalvariabledefs.obj (Cmpss3RegsFile)

Cmpss4RegsFile 
*          1    00005ce0    00000020     UNINITIALIZED
                  00005ce0    00000020     f28004x_globalvariabledefs.obj (Cmpss4RegsFile)

Cmpss5RegsFile 
*          1    00005d00    00000020     UNINITIALIZED
                  00005d00    00000020     f28004x_globalvariabledefs.obj (Cmpss5RegsFile)

Cmpss6RegsFile 
*          1    00005d20    00000020     UNINITIALIZED
                  00005d20    00000020     f28004x_globalvariabledefs.obj (Cmpss6RegsFile)

Cmpss7RegsFile 
*          1    00005d40    00000020     UNINITIALIZED
                  00005d40    00000020     f28004x_globalvariabledefs.obj (Cmpss7RegsFile)

InputXbarRegsFile 
*          1    00007900    00000020     UNINITIALIZED
                  00007900    00000020     f28004x_globalvariabledefs.obj (InputXbarRegsFile)

XbarRegsFile 
*          1    00007920    00000020     UNINITIALIZED
                  00007920    00000020     f28004x_globalvariabledefs.obj (XbarRegsFile)

SyncSocRegsFile 
*          1    00007940    00000006     UNINITIALIZED
                  00007940    00000006     f28004x_globalvariabledefs.obj (SyncSocRegsFile)

EPwmXbarRegsFile 
*          1    00007a00    00000040     UNINITIALIZED
                  00007a00    00000040     f28004x_globalvariabledefs.obj (EPwmXbarRegsFile)

OutputXbarRegsFile 
*          1    00007a80    00000040     UNINITIALIZED
                  00007a80    00000040     f28004x_globalvariabledefs.obj (OutputXbarRegsFile)

GpioCtrlRegsFile 
*          1    00007c00    00000200     UNINITIALIZED
                  00007c00    00000200     f28004x_globalvariabledefs.obj (GpioCtrlRegsFile)

GpioDataRegsFile 
*          1    00007f00    0000003a     UNINITIALIZED
                  00007f00    0000003a     f28004x_globalvariabledefs.obj (GpioDataRegsFile)

Dcc0RegsFile 
*          1    0005e700    0000002c     UNINITIALIZED
                  0005e700    0000002c     f28004x_globalvariabledefs.obj (Dcc0RegsFile)

EradGlobalRegsFile 
*          1    0005e800    00000013     UNINITIALIZED
                  0005e800    00000013     f28004x_globalvariabledefs.obj (EradGlobalRegsFile)

EradHWBP1RegsFile 
*          1    0005e900    00000008     UNINITIALIZED
                  0005e900    00000008     f28004x_globalvariabledefs.obj (EradHWBP1RegsFile)

EradHWBP2RegsFile 
*          1    0005e908    00000008     UNINITIALIZED
                  0005e908    00000008     f28004x_globalvariabledefs.obj (EradHWBP2RegsFile)

EradHWBP3RegsFile 
*          1    0005e910    00000008     UNINITIALIZED
                  0005e910    00000008     f28004x_globalvariabledefs.obj (EradHWBP3RegsFile)

EradHWBP4RegsFile 
*          1    0005e918    00000008     UNINITIALIZED
                  0005e918    00000008     f28004x_globalvariabledefs.obj (EradHWBP4RegsFile)

EradHWBP5RegsFile 
*          1    0005e920    00000008     UNINITIALIZED
                  0005e920    00000008     f28004x_globalvariabledefs.obj (EradHWBP5RegsFile)

EradHWBP6RegsFile 
*          1    0005e928    00000008     UNINITIALIZED
                  0005e928    00000008     f28004x_globalvariabledefs.obj (EradHWBP6RegsFile)

EradHWBP7RegsFile 
*          1    0005e930    00000008     UNINITIALIZED
                  0005e930    00000008     f28004x_globalvariabledefs.obj (EradHWBP7RegsFile)

EradHWBP8RegsFile 
*          1    0005e938    00000008     UNINITIALIZED
                  0005e938    00000008     f28004x_globalvariabledefs.obj (EradHWBP8RegsFile)

EradCounter1RegsFile 
*          1    0005e980    00000010     UNINITIALIZED
                  0005e980    00000010     f28004x_globalvariabledefs.obj (EradCounter1RegsFile)

EradCounter2RegsFile 
*          1    0005e990    00000010     UNINITIALIZED
                  0005e990    00000010     f28004x_globalvariabledefs.obj (EradCounter2RegsFile)

EradCounter3RegsFile 
*          1    0005e9a0    00000010     UNINITIALIZED
                  0005e9a0    00000010     f28004x_globalvariabledefs.obj (EradCounter3RegsFile)

EradCounter4RegsFile 
*          1    0005e9b0    00000010     UNINITIALIZED
                  0005e9b0    00000010     f28004x_globalvariabledefs.obj (EradCounter4RegsFile)

DcsmBank0Z1RegsFile 
*          1    0005f000    00000024     UNINITIALIZED
                  0005f000    00000024     f28004x_globalvariabledefs.obj (DcsmBank0Z1RegsFile)

DcsmBank0Z2RegsFile 
*          1    0005f040    00000024     UNINITIALIZED
                  0005f040    00000024     f28004x_globalvariabledefs.obj (DcsmBank0Z2RegsFile)

DcsmCommonRegsFile 
*          1    0005f070    00000010     UNINITIALIZED
                  0005f070    00000010     f28004x_globalvariabledefs.obj (DcsmCommonRegsFile)

DcsmBank1Z1RegsFile 
*          1    0005f100    00000024     UNINITIALIZED
                  0005f100    00000024     f28004x_globalvariabledefs.obj (DcsmBank1Z1RegsFile)

DcsmBank1Z2RegsFile 
*          1    0005f140    00000024     UNINITIALIZED
                  0005f140    00000024     f28004x_globalvariabledefs.obj (DcsmBank1Z2RegsFile)

MemCfgRegsFile 
*          1    0005f400    00000080     UNINITIALIZED
                  0005f400    00000080     f28004x_globalvariabledefs.obj (MemCfgRegsFile)

AccessProtectionRegsFile 
*          1    0005f4c0    00000040     UNINITIALIZED
                  0005f4c0    00000040     f28004x_globalvariabledefs.obj (AccessProtectionRegsFile)

MemoryErrorRegsFile 
*          1    0005f500    00000040     UNINITIALIZED
                  0005f500    00000040     f28004x_globalvariabledefs.obj (MemoryErrorRegsFile)

Flash0CtrlRegsFile 
*          1    0005f800    00000182     UNINITIALIZED
                  0005f800    00000182     f28004x_globalvariabledefs.obj (Flash0CtrlRegsFile)

Flash0EccRegsFile 
*          1    0005fb00    00000028     UNINITIALIZED
                  0005fb00    00000028     f28004x_globalvariabledefs.obj (Flash0EccRegsFile)

PmbusaRegsFile 
*          1    00006400    00000020     UNINITIALIZED
                  00006400    00000020     f28004x_globalvariabledefs.obj (PmbusaRegsFile)

SciaRegsFile 
*          1    00007200    00000010     UNINITIALIZED
                  00007200    00000010     f28004x_globalvariabledefs.obj (SciaRegsFile)

ScibRegsFile 
*          1    00007210    00000010     UNINITIALIZED
                  00007210    00000010     f28004x_globalvariabledefs.obj (ScibRegsFile)

DmaClaSrcSelRegsFile 
*          1    00007980    0000001a     UNINITIALIZED
                  00007980    0000001a     f28004x_globalvariabledefs.obj (DmaClaSrcSelRegsFile)

DevCfgRegsFile 
*          1    0005d000    00000132     UNINITIALIZED
                  0005d000    00000132     f28004x_globalvariabledefs.obj (DevCfgRegsFile)

ClkCfgRegsFile 
*          1    0005d200    00000034     UNINITIALIZED
                  0005d200    00000034     f28004x_globalvariabledefs.obj (ClkCfgRegsFile)

CpuSysRegsFile 
*          1    0005d300    00000082     UNINITIALIZED
                  0005d300    00000082     f28004x_globalvariabledefs.obj (CpuSysRegsFile)

SysPeriphAcRegsFile 
*          1    0005d500    00000200     UNINITIALIZED
                  0005d500    00000200     f28004x_globalvariabledefs.obj (SysPeriphAcRegsFile)

.pinit     0    00080004    00000000     UNINITIALIZED

.econst    0    000816b4    000001c7     
                  000816b4    000001c0     f28004x_pievect.obj (.econst:_PieVectTableInit)
                  00081874    00000004     datalogger_target.obj (.econst:.string)
                  00081878    00000002     datalogger_target.obj (.econst)
                  0008187a    00000001     datalogger_target_data.obj (.econst:_datalogger_target_ConstB)

.ebss      1    0000c000    000000c0     UNINITIALIZED
                  0000c000    0000005a     datalogger_target.obj (.ebss)
                  0000c05a    00000018     f28004x_cputimers.obj (.ebss)
                  0000c072    00000006     rts2800_fpu32.lib : exit.c.obj (.ebss)
                  0000c078    00000003     ert_main.obj (.ebss)
                  0000c07b    00000001     MW_c28xGPIO.obj (.ebss)
                  0000c07c    00000002     rts2800_fpu32.lib : _lock.c.obj (.ebss:__lock)
                  0000c07e    00000002                       : _lock.c.obj (.ebss:__unlock)
                  0000c080    0000003a     datalogger_target_data.obj (.ebss)
                  0000c0ba    00000002     ert_main.obj (.ebss:_isRateRunning)
                  0000c0bc    00000002     ert_main.obj (.ebss:_need2runFlags)
                  0000c0be    00000001     MW_c28xGlobalInterrupts.obj (.ebss)
                  0000c0bf    00000001     MW_c28xx_adc.obj (.ebss)

.TI.ramfunc 
*          0    00080004    00000050     RUN ADDR = 0000a000
                  00080004    00000048     f28004x_sysctrl.obj (.TI.ramfunc)
                  0008004c    00000004     f28004x_usdelay.obj (.TI.ramfunc)
                  00080050    00000004     sysctl.obj (.TI.ramfunc)

.reset     0    003fffc0    00000002     DSECT
                  003fffc0    00000002     rts2800_fpu32.lib : boot28.asm.obj (.reset)

.stack     1    00000400    00000400     UNINITIALIZED
                  00000400    00000400     --HOLE--

.text      0    00080054    0000165f     
                  00080054    000005d9     datalogger_target.obj (.text)
                  0008062d    000004b3     f28004x_defaultisr.obj (.text:retain)
                  00080ae0    000002d4     f28004x_sysctrl.obj (.text)
                  00080db4    000001af     c28004xBoard_Realtime_Support.obj (.text)
                  00080f63    00000180     MW_c28xx_adc.obj (.text)
                  000810e3    000000f9     DSP28xx_SciUtil.obj (.text)
                  000811dc    00000090     ert_main.obj (.text)
                  0008126c    0000007e     MW_c28xx_csl.obj (.text)
                  000812ea    0000007b     f28004x_cputimers.obj (.text)
                  00081365    0000006e     f28004x_adc.obj (.text)
                  000813d3    0000006e     MW_c28xx_csl.obj (.text:retain)
                  00081441    0000005d     MW_c28xx_board.obj (.text)
                  0008149e    00000056     rts2800_fpu32.lib : boot28.asm.obj (.text)
                  000814f4    0000004e     c28004xSchedulerTimer0.obj (.text)
                  00081542    0000004a     c28004xSchedulerTimer0.obj (.text:retain)
                  0008158c    0000002c     MW_c28xx_pwm.obj (.text)
                  000815b8    00000029     rts2800_fpu32.lib : exit.c.obj (.text)
                  000815e1    00000028     f28004x_piectrl.obj (.text)
                  00081609    00000026     f28004x_pievect.obj (.text)
                  0008162f    00000024     rts2800_fpu32.lib : cpy_tbl.c.obj (.text)
                  00081653    0000001d                       : memcpy.c.obj (.text)
                  00081670    00000014     MW_c28xx_xbar.obj (.text)
                  00081684    00000012     rts2800_fpu32.lib : args_main.c.obj (.text)
                  00081696    00000011     MW_c28xGlobalInterrupts.obj (.text)
                  000816a7    00000009     rts2800_fpu32.lib : _lock.c.obj (.text)
                  000816b0    00000002                       : pre_init.c.obj (.text)
                  000816b2    00000001                       : startup.c.obj (.text)

MODULE SUMMARY

       Module                              code   initialized data   uninitialized data
       ------                              ----   ----------------   ------------------
    <current directory>
       f28004x_globalvariabledefs.obj      0      0                  8992              
       datalogger_target.obj               1497   18                 90                
       f28004x_defaultisr.obj              1203   0                  0                 
       f28004x_sysctrl.obj                 868    0                  0                 
       f28004x_pievect.obj                 38     448                0                 
       c28004xBoard_Realtime_Support.obj   431    0                  0                 
       MW_c28xx_adc.obj                    384    4                  1                 
       DSP28xx_SciUtil.obj                 249    0                  0                 
       MW_c28xx_csl.obj                    236    0                  0                 
       ert_main.obj                        144    14                 7                 
       c28004xSchedulerTimer0.obj          152    0                  0                 
       f28004x_cputimers.obj               123    0                  24                
       datalogger_target_data.obj          0      62                 58                
       f28004x_adc.obj                     110    0                  0                 
       MW_c28xx_board.obj                  93     0                  0                 
       MW_c28xx_pwm.obj                    44     0                  0                 
       f28004x_piectrl.obj                 40     0                  0                 
       MW_c28xx_xbar.obj                   20     0                  0                 
       MW_c28xGlobalInterrupts.obj         17     0                  1                 
       f28004x_usdelay.obj                 8      0                  0                 
       sysctl.obj                          8      0                  0                 
       MW_c28xGPIO.obj                     0      4                  1                 
       f28004x_codestartbranch.obj         2      0                  0                 
    +--+-----------------------------------+------+------------------+--------------------+
       Total:                              5667   550                9174              
                                                                                       
    C:/PROGRA~3/MATLAB/SUPPOR~1/R2021a/3P778C~1.INS/TIC200~1.INS/TI-CGT~1.LTS/lib/rts2800_fpu32.lib
       boot28.asm.obj                      86     0                  0                 
       exit.c.obj                          41     14                 6                 
       cpy_tbl.c.obj                       36     0                  0                 
       memcpy.c.obj                        29     0                  0                 
       _lock.c.obj                         9      10                 4                 
       args_main.c.obj                     18     0                  0                 
       pre_init.c.obj                      2      0                  0                 
       startup.c.obj                       1      0                  0                 
    +--+-----------------------------------+------+------------------+--------------------+
       Total:                              222    24                 10                
                                                                                       
       Stack:                              0      0                  1024              
    +--+-----------------------------------+------+------------------+--------------------+
       Grand Total:                        5889   574                10208             


GLOBAL DATA SYMBOLS: SORTED BY DATA PAGE

address     data page           name
--------    ----------------    ----
00000400      10 (00000400)     __stack

00000b00      2c (00000b00)     _AdcaResultRegs
00000b20      2c (00000b00)     _AdcbResultRegs

00000b40      2d (00000b40)     _AdccResultRegs

00000c00      30 (00000c00)     _CpuTimer0Regs
00000c08      30 (00000c00)     _CpuTimer1Regs
00000c10      30 (00000c00)     _CpuTimer2Regs

00000ce0      33 (00000cc0)     _Cla1SoftIntRegs
00000ce0      33 (00000cc0)     _PieCtrlRegs

00000d00      34 (00000d00)     _PieVectTable

00001000      40 (00001000)     _DmaRegs

00001400      50 (00001400)     _Cla1Regs

00004000     100 (00004000)     _EPwm1Regs

00004100     104 (00004100)     _EPwm2Regs

00004200     108 (00004200)     _EPwm3Regs

00004300     10c (00004300)     _EPwm4Regs

00004400     110 (00004400)     _EPwm5Regs

00004500     114 (00004500)     _EPwm6Regs

00004600     118 (00004600)     _EPwm7Regs

00004700     11c (00004700)     _EPwm8Regs

00005100     144 (00005100)     _EQep1Regs

00005140     145 (00005140)     _EQep2Regs

00005200     148 (00005200)     _ECap1Regs

00005240     149 (00005240)     _ECap2Regs

00005280     14a (00005280)     _ECap3Regs

000052c0     14b (000052c0)     _ECap4Regs

00005300     14c (00005300)     _ECap5Regs

00005340     14d (00005340)     _ECap6Regs

00005380     14e (00005380)     _ECap7Regs

00005b00     16c (00005b00)     _Pga1Regs
00005b10     16c (00005b00)     _Pga2Regs
00005b20     16c (00005b00)     _Pga3Regs
00005b30     16c (00005b00)     _Pga4Regs

00005b40     16d (00005b40)     _Pga5Regs
00005b50     16d (00005b40)     _Pga6Regs
00005b60     16d (00005b40)     _Pga7Regs

00005c00     170 (00005c00)     _DacaRegs
00005c10     170 (00005c00)     _DacbRegs

00005c80     172 (00005c80)     _Cmpss1Regs
00005ca0     172 (00005c80)     _Cmpss2Regs

00005cc0     173 (00005cc0)     _Cmpss3Regs
00005ce0     173 (00005cc0)     _Cmpss4Regs

00005d00     174 (00005d00)     _Cmpss5Regs
00005d20     174 (00005d00)     _Cmpss6Regs

00005d40     175 (00005d40)     _Cmpss7Regs

00005e00     178 (00005e00)     _Sdfm1Regs

00006100     184 (00006100)     _SpiaRegs
00006110     184 (00006100)     _SpibRegs

000061c0     187 (000061c0)     _ClaPromCrc0Regs

00006400     190 (00006400)     _PmbusaRegs

00006600     198 (00006600)     _FsiTxaRegs

00006680     19a (00006680)     _FsiRxaRegs

00006a00     1a8 (00006a00)     _LinaRegs

00006b00     1ac (00006b00)     _LinbRegs

00007000     1c0 (00007000)     _WdRegs

00007060     1c1 (00007040)     _NmiIntruptRegs
00007070     1c1 (00007040)     _XintRegs

00007200     1c8 (00007200)     _SciaRegs
00007210     1c8 (00007200)     _ScibRegs

00007300     1cc (00007300)     _I2caRegs

00007400     1d0 (00007400)     _AdcaRegs

00007480     1d2 (00007480)     _AdcbRegs

00007500     1d4 (00007500)     _AdccRegs

00007900     1e4 (00007900)     _InputXbarRegs
00007920     1e4 (00007900)     _XbarRegs

00007940     1e5 (00007940)     _SyncSocRegs

00007980     1e6 (00007980)     _DmaClaSrcSelRegs

00007a00     1e8 (00007a00)     _EPwmXbarRegs

00007a80     1ea (00007a80)     _OutputXbarRegs

00007c00     1f0 (00007c00)     _GpioCtrlRegs

00007f00     1fc (00007f00)     _GpioDataRegs

0000c000     300 (0000c000)     _MW_adcAInitFlag
0000c001     300 (0000c000)     _MW_adcCInitFlag
0000c002     300 (0000c000)     _MW_adcBInitFlag
0000c012     300 (0000c000)     _datalogger_target_B

0000c040     301 (0000c040)     _datalogger_target_DW
0000c05a     301 (0000c040)     _CpuTimer0
0000c062     301 (0000c040)     _CpuTimer1
0000c06a     301 (0000c040)     _CpuTimer2
0000c072     301 (0000c040)     ___TI_enable_exit_profile_output
0000c074     301 (0000c040)     ___TI_cleanup_ptr
0000c076     301 (0000c040)     ___TI_dtors_ptr
0000c078     301 (0000c040)     _IsrOverrun
0000c079     301 (0000c040)     _stopRequested
0000c07a     301 (0000c040)     _runModel
0000c07b     301 (0000c040)     _GPIO_oneTimeInit
0000c07c     301 (0000c040)     __lock
0000c07e     301 (0000c040)     __unlock

0000c080     302 (0000c080)     _datalogger_target_P
0000c0ba     302 (0000c080)     _isRateRunning
0000c0bc     302 (0000c080)     _need2runFlags
0000c0be     302 (0000c080)     _MW_InterruptDisableLock

00048000    1200 (00048000)     _CanaRegs

0004a000    1280 (0004a000)     _CanbRegs

0005d000    1740 (0005d000)     _DevCfgRegs

0005d200    1748 (0005d200)     _ClkCfgRegs

0005d300    174c (0005d300)     _CpuSysRegs

0005d500    1754 (0005d500)     _SysPeriphAcRegs

0005d700    175c (0005d700)     _AnalogSubsysRegs

0005e700    179c (0005e700)     _Dcc0Regs

0005e800    17a0 (0005e800)     _EradGlobalRegs

0005e900    17a4 (0005e900)     _EradHWBP1Regs
0005e908    17a4 (0005e900)     _EradHWBP2Regs
0005e910    17a4 (0005e900)     _EradHWBP3Regs
0005e918    17a4 (0005e900)     _EradHWBP4Regs
0005e920    17a4 (0005e900)     _EradHWBP5Regs
0005e928    17a4 (0005e900)     _EradHWBP6Regs
0005e930    17a4 (0005e900)     _EradHWBP7Regs
0005e938    17a4 (0005e900)     _EradHWBP8Regs

0005e980    17a6 (0005e980)     _EradCounter1Regs
0005e990    17a6 (0005e980)     _EradCounter2Regs
0005e9a0    17a6 (0005e980)     _EradCounter3Regs
0005e9b0    17a6 (0005e980)     _EradCounter4Regs

0005f000    17c0 (0005f000)     _DcsmBank0Z1Regs

0005f040    17c1 (0005f040)     _DcsmBank0Z2Regs
0005f070    17c1 (0005f040)     _DcsmCommonRegs

0005f100    17c4 (0005f100)     _DcsmBank1Z1Regs

0005f140    17c5 (0005f140)     _DcsmBank1Z2Regs

0005f400    17d0 (0005f400)     _MemCfgRegs

0005f4c0    17d3 (0005f4c0)     _AccessProtectionRegs

0005f500    17d4 (0005f500)     _MemoryErrorRegs

0005f800    17e0 (0005f800)     _Flash0CtrlRegs

0005fb00    17ec (0005fb00)     _Flash0EccRegs

000816b4    205a (00081680)     _PieVectTableInit

00081878    2061 (00081840)     _datalogger_target_M
0008187a    2061 (00081840)     _datalogger_target_ConstB


GLOBAL SYMBOLS: SORTED ALPHABETICALLY BY Name 

page  address   name                                       
----  -------   ----                                       
abs   ffffffff  .text                                      
0     000815b8  C$$EXIT                                    
0     000813d3  _ADCA1_INT_isr                             
0     000806eb  _ADCA1_ISR                                 
0     00080911  _ADCA2_ISR                                 
0     0008091b  _ADCA3_ISR                                 
0     00080925  _ADCA4_ISR                                 
0     00080907  _ADCA_EVT_ISR                              
0     000806f5  _ADCB1_ISR                                 
0     00080939  _ADCB2_ISR                                 
0     00080943  _ADCB3_ISR                                 
0     0008094d  _ADCB4_ISR                                 
0     0008092f  _ADCB_EVT_ISR                              
0     000806ff  _ADCC1_ISR                                 
0     00080a65  _ADCC2_ISR                                 
0     00080a6f  _ADCC3_ISR                                 
0     00080a79  _ADCC4_ISR                                 
0     00080a5b  _ADCC_EVT_ISR                              
1     0005f4c0  _AccessProtectionRegs                      
1     00007400  _AdcaRegs                                  
1     00000b00  _AdcaResultRegs                            
1     00007480  _AdcbRegs                                  
1     00000b20  _AdcbResultRegs                            
1     00007500  _AdccRegs                                  
1     00000b40  _AdccResultRegs                            
1     0005d700  _AnalogSubsysRegs                          
0     000808df  _CANA0_ISR                                 
0     000808e9  _CANA1_ISR                                 
0     000808f3  _CANB0_ISR                                 
0     000808fd  _CANB1_ISR                                 
0     00080a33  _CLA1PROMCRC_ISR                           
0     00080957  _CLA1_1_ISR                                
0     00080961  _CLA1_2_ISR                                
0     0008096b  _CLA1_3_ISR                                
0     00080975  _CLA1_4_ISR                                
0     0008097f  _CLA1_5_ISR                                
0     00080989  _CLA1_6_ISR                                
0     00080993  _CLA1_7_ISR                                
0     0008099d  _CLA1_8_ISR                                
0     00080aab  _CLA_OVERFLOW_ISR                          
0     00080ab5  _CLA_UNDERFLOW_ISR                         
1     00048000  _CanaRegs                                  
1     0004a000  _CanbRegs                                  
1     00001400  _Cla1Regs                                  
0     00000ce0  _Cla1SoftIntRegs                           
0     0000a000  _Cla1funcsLoadEnd                          
1     000061c0  _ClaPromCrc0Regs                           
1     0005d200  _ClkCfgRegs                                
1     00005c80  _Cmpss1Regs                                
1     00005ca0  _Cmpss2Regs                                
1     00005cc0  _Cmpss3Regs                                
1     00005ce0  _Cmpss4Regs                                
1     00005d00  _Cmpss5Regs                                
1     00005d20  _Cmpss6Regs                                
1     00005d40  _Cmpss7Regs                                
0     0008132b  _ConfigCpuTimer                            
1     0005d300  _CpuSysRegs                                
1     0000c05a  _CpuTimer0                                 
1     00000c00  _CpuTimer0Regs                             
1     0000c062  _CpuTimer1                                 
1     00000c08  _CpuTimer1Regs                             
1     0000c06a  _CpuTimer2                                 
1     00000c10  _CpuTimer2Regs                             
0     00080c6d  _CsmUnlock                                 
0     00080641  _DATALOG_ISR                               
0     00080867  _DMA_CH1_ISR                               
0     00080871  _DMA_CH2_ISR                               
0     0008087b  _DMA_CH3_ISR                               
0     00080885  _DMA_CH4_ISR                               
0     0008088f  _DMA_CH5_ISR                               
0     00080899  _DMA_CH6_ISR                               
1     00005c00  _DacaRegs                                  
1     00005c10  _DacbRegs                                  
1     0005e700  _Dcc0Regs                                  
1     0005f000  _DcsmBank0Z1Regs                           
1     0005f040  _DcsmBank0Z2Regs                           
1     0005f100  _DcsmBank1Z1Regs                           
1     0005f140  _DcsmBank1Z2Regs                           
1     0005f070  _DcsmCommonRegs                            
1     0005d000  _DevCfgRegs                                
0     00080b8e  _DisableDog                                
0     00080b66  _DisablePeripheralClocks                   
1     00007980  _DmaClaSrcSelRegs                          
1     00001000  _DmaRegs                                   
0     000807d1  _ECAP1_ISR                                 
0     000807db  _ECAP2_ISR                                 
0     000807e5  _ECAP3_ISR                                 
0     000807ef  _ECAP4_ISR                                 
0     000807f9  _ECAP5_ISR                                 
0     00080817  _ECAP6_2_ISR                               
0     00080803  _ECAP6_ISR                                 
0     00080821  _ECAP7_2_ISR                               
0     0008080d  _ECAP7_ISR                                 
1     00005200  _ECap1Regs                                 
1     00005240  _ECap2Regs                                 
1     00005280  _ECap3Regs                                 
1     000052c0  _ECap4Regs                                 
1     00005300  _ECap5Regs                                 
1     00005340  _ECap6Regs                                 
1     00005380  _ECap7Regs                                 
0     00080ac9  _EMPTY_ISR                                 
0     00080655  _EMU_ISR                                   
0     00080781  _EPWM1_ISR                                 
0     00080731  _EPWM1_TZ_ISR                              
0     0008078b  _EPWM2_ISR                                 
0     0008073b  _EPWM2_TZ_ISR                              
0     00080795  _EPWM3_ISR                                 
0     00080745  _EPWM3_TZ_ISR                              
0     0008079f  _EPWM4_ISR                                 
0     0008074f  _EPWM4_TZ_ISR                              
0     000807a9  _EPWM5_ISR                                 
0     00080759  _EPWM5_TZ_ISR                              
0     000807b3  _EPWM6_ISR                                 
0     00080763  _EPWM6_TZ_ISR                              
0     000807bd  _EPWM7_ISR                                 
0     0008076d  _EPWM7_TZ_ISR                              
0     000807c7  _EPWM8_ISR                                 
0     00080777  _EPWM8_TZ_ISR                              
1     00004000  _EPwm1Regs                                 
1     00004100  _EPwm2Regs                                 
1     00004200  _EPwm3Regs                                 
1     00004300  _EPwm4Regs                                 
1     00004400  _EPwm5Regs                                 
1     00004500  _EPwm6Regs                                 
1     00004600  _EPwm7Regs                                 
1     00004700  _EPwm8Regs                                 
1     00007a00  _EPwmXbarRegs                              
0     0008082b  _EQEP1_ISR                                 
0     00080835  _EQEP2_ISR                                 
1     00005100  _EQep1Regs                                 
1     00005140  _EQep2Regs                                 
0     00081600  _EnableInterrupts                          
1     0005e980  _EradCounter1Regs                          
1     0005e990  _EradCounter2Regs                          
1     0005e9a0  _EradCounter3Regs                          
1     0005e9b0  _EradCounter4Regs                          
1     0005e800  _EradGlobalRegs                            
1     0005e900  _EradHWBP1Regs                             
1     0005e908  _EradHWBP2Regs                             
1     0005e910  _EradHWBP3Regs                             
1     0005e918  _EradHWBP4Regs                             
1     0005e920  _EradHWBP5Regs                             
1     0005e928  _EradHWBP6Regs                             
1     0005e930  _EradHWBP7Regs                             
1     0005e938  _EradHWBP8Regs                             
0     0000a048  _F28x_usDelay                              
0     00080a8d  _FLASH_CORRECTABLE_ERROR_ISR               
0     000809c5  _FPU_OVERFLOW_ISR                          
0     000809cf  _FPU_UNDERFLOW_ISR                         
0     00080a1f  _FSIRXA1_ISR                               
0     00080a29  _FSIRXA2_ISR                               
0     00080a0b  _FSITXA1_ISR                               
0     00080a15  _FSITXA2_ISR                               
1     0005f800  _Flash0CtrlRegs                            
1     0005fb00  _Flash0EccRegs                             
0     0000a03c  _FlashOff                                  
1     00006680  _FsiRxaRegs                                
1     00006600  _FsiTxaRegs                                
1     0000c07b  _GPIO_oneTimeInit                          
1     00007c00  _GpioCtrlRegs                              
1     00007f00  _GpioDataRegs                              
0     00080d08  _HALT                                      
0     000808ad  _I2CA_FIFO_ISR                             
0     000808a3  _I2CA_ISR                                  
1     00007300  _I2caRegs                                  
0     00080cff  _IDLE                                      
0     00080669  _ILLEGAL_ISR                               
0     0008108f  _InitAdcA                                  
0     000810ab  _InitAdcB                                  
0     000810c7  _InitAdcC                                  
0     000812ea  _InitCpuTimers                             
0     0000a000  _InitFlash                                 
0     00080aee  _InitPeripheralClocks                      
0     000815e1  _InitPieCtrl                               
0     00081609  _InitPieVectTable                          
0     00080ae0  _InitSysCtrl                               
0     00080b9c  _InitSysPll                                
1     00007900  _InputXbarRegs                             
0     00080d19  _IsPLLValid                                
1     0000c078  _IsrOverrun                                
0     00080a3d  _LINA_0_ISR                                
0     00080a47  _LINA_1_ISR                                
1     00006a00  _LinaRegs                                  
1     00006b00  _LinbRegs                                  
0     00080e84  _MW_InitSysPll                             
1     0000c0be  _MW_InterruptDisableLock                   
0     00080dcb  _MW_IsPLLValid                             
abs   00000000  _MW_RamfuncsLoadSize                       
0     0000a000  _MW_RamfuncsLoadStart                      
0     0000a000  _MW_RamfuncsRunStart                       
1     0000c000  _MW_adcAInitFlag                           
1     0000c002  _MW_adcBInitFlag                           
1     0000c001  _MW_adcCInitFlag                           
1     0005f400  _MemCfgRegs                                
1     0005f500  _MemoryErrorRegs                           
0     0008065f  _NMI_ISR                                   
0     00080ad6  _NOTUSED_ISR                               
1     00007060  _NmiIntruptRegs                            
1     00007a80  _OutputXbarRegs                            
0     00080abf  _PIE_RESERVED_ISR                          
0     00080a51  _PMBUSA_ISR                                
1     00005b00  _Pga1Regs                                  
1     00005b10  _Pga2Regs                                  
1     00005b20  _Pga3Regs                                  
1     00005b30  _Pga4Regs                                  
1     00005b40  _Pga5Regs                                  
1     00005b50  _Pga6Regs                                  
1     00005b60  _Pga7Regs                                  
1     00000ce0  _PieCtrlRegs                               
1     00000d00  _PieVectTable                              
0     000816b4  _PieVectTableInit                          
1     00006400  _PmbusaRegs                                
0     00080a97  _RAM_ACCESS_VIOLATION_ISR                  
0     00080a83  _RAM_CORRECTABLE_ERROR_ISR                 
0     0008064b  _RTOS_ISR                                  
0     00080054  _RamfuncsLoadEnd                           
abs   00000050  _RamfuncsLoadSize                          
0     00080004  _RamfuncsLoadStart                         
0     0000a050  _RamfuncsRunEnd                            
abs   00000050  _RamfuncsRunSize                           
0     0000a000  _RamfuncsRunStart                          
0     0008140a  _SCIA_RX_INT_isr                           
0     000808b7  _SCIA_RX_ISR                               
0     000808c1  _SCIA_TX_ISR                               
0     000808cb  _SCIB_RX_ISR                               
0     000808d5  _SCIB_TX_ISR                               
0     000809e3  _SD1DR1_ISR                                
0     000809ed  _SD1DR2_ISR                                
0     000809f7  _SD1DR3_ISR                                
0     00080a01  _SD1DR4_ISR                                
0     000809d9  _SD1_ISR                                   
0     0008083f  _SPIA_RX_ISR                               
0     00080849  _SPIA_TX_ISR                               
0     00080853  _SPIB_RX_ISR                               
0     0008085d  _SPIB_TX_ISR                               
0     00080aa1  _SYS_PLL_SLIP_ISR                          
1     00007200  _SciaRegs                                  
1     00007210  _ScibRegs                                  
1     00005e00  _Sdfm1Regs                                 
0     00080b80  _ServiceDog                                
0     00081365  _SetVREF                                   
1     00006100  _SpiaRegs                                  
1     00006110  _SpibRegs                                  
1     00007940  _SyncSocRegs                               
0     0000a04c  _SysCtl_delay                              
0     00080c8e  _SysIntOsc1Sel                             
0     00080c9a  _SysIntOsc2Sel                             
1     0005d500  _SysPeriphAcRegs                           
0     00080ce9  _SysXtalOscSESel                           
0     00080cc6  _SysXtalOscSel                             
0     0008071d  _TIMER0_ISR                                
0     0008062d  _TIMER1_ISR                                
0     00080637  _TIMER2_ISR                                
0     00081542  _TINT0_isr                                 
0     000806cd  _USER10_ISR                                
0     000806d7  _USER11_ISR                                
0     000806e1  _USER12_ISR                                
0     00080673  _USER1_ISR                                 
0     0008067d  _USER2_ISR                                 
0     00080687  _USER3_ISR                                 
0     00080691  _USER4_ISR                                 
0     0008069b  _USER5_ISR                                 
0     000806a5  _USER6_ISR                                 
0     000806af  _USER7_ISR                                 
0     000806b9  _USER8_ISR                                 
0     000806c3  _USER9_ISR                                 
0     00080727  _WAKE_ISR                                  
1     00007000  _WdRegs                                    
0     00080709  _XINT1_ISR                                 
0     00080713  _XINT2_ISR                                 
0     000809a7  _XINT3_ISR                                 
0     000809b1  _XINT4_ISR                                 
0     000809bb  _XINT5_ISR                                 
1     00007920  _XbarRegs                                  
1     00007070  _XintRegs                                  
1     00000800  __STACK_END                                
abs   00000400  __STACK_SIZE                               
1     0000c074  ___TI_cleanup_ptr                          
1     0000c076  ___TI_dtors_ptr                            
1     0000c072  ___TI_enable_exit_profile_output           
abs   ffffffff  ___TI_pprof_out_hndl                       
abs   ffffffff  ___TI_prof_data_size                       
abs   ffffffff  ___TI_prof_data_start                      
abs   ffffffff  ___binit__                                 
abs   ffffffff  ___c_args__                                
0     0008187c  ___cinit__                                 
abs   ffffffff  ___etext__                                 
abs   ffffffff  ___pinit__                                 
abs   ffffffff  ___text__                                  
0     00081684  __args_main                                
1     0000c07c  __lock                                     
0     000816af  __nop                                      
0     000816ab  __register_lock                            
0     000816a7  __register_unlock                          
1     00000400  __stack                                    
0     000816b2  __system_post_cinit                        
0     000816b0  __system_pre_init                          
1     0000c07e  __unlock                                   
0     000815b8  _abort                                     
0     000811a9  _byteswap_L8cmp                            
0     00080db4  _c2000_flash_init                          
0     0008149e  _c_int00                                   
0     00081000  _config_ADCA_SOC5                          
0     00080f8b  _config_ADCA_SOC6                          
0     00081025  _config_ADCB_SOC0                          
0     00081048  _config_ADCC_SOC1                          
0     0008106b  _config_ADCC_SOC2                          
0     00080fb6  _config_ADCC_SOC3                          
0     00080fdb  _config_ADCC_SOC4                          
0     0008158c  _config_ePWM_GPIO                          
0     00081670  _configureIXbar                            
0     000814f4  _configureTimer0                           
0     0008162f  _copy_in                                   
1     0000c012  _datalogger_target_B                       
0     0008187a  _datalogger_target_ConstB                  
1     0000c040  _datalogger_target_DW                      
0     00081878  _datalogger_target_M                       
1     0000c080  _datalogger_target_P                       
0     00080378  _datalogger_target_SetEventsForThisBaseStep
0     000803cc  _datalogger_target_initialize              
0     00080399  _datalogger_target_step0                   
0     000803b8  _datalogger_target_step1                   
0     0008062c  _datalogger_target_terminate               
0     00081521  _disableTimer0Interrupt                    
0     0008126c  _disableWatchdog                           
0     00081519  _enableTimer0Interrupt                     
0     00081277  _enable_interrupts                         
0     000815ba  _exit                                      
0     0008169e  _globalInterruptDisable                    
0     00081696  _globalInterruptEnable                     
0     00081295  _init_SCI                                  
0     000812d0  _init_SCI_GPIO                             
0     00081441  _init_board                                
1     0000c0ba  _isRateRunning                             
0     00080054  _isr_int1pie1_task_fcn                     
0     000802ad  _isr_int9pie1_task_fcn                     
0     00081221  _main                                      
0     00081653  _memcpy                                    
1     0000c0bc  _need2runFlags                             
0     00081537  _restoreTimer0Interrupt                    
0     000811dc  _rt_OneStep                                
1     0000c07a  _runModel                                  
0     00081129  _scia_rcv                                  
0     000810e3  _scia_xmit                                 
1     0000c079  _stopRequested                             
abs   ffffffff  binit                                      
0     0008187c  cinit                                      
0     00080000  code_start                                 
abs   ffffffff  etext                                      
abs   ffffffff  pinit                                      


GLOBAL SYMBOLS: SORTED BY Symbol Address 

page  address   name                                       
----  -------   ----                                       
0     00000ce0  _Cla1SoftIntRegs                           
0     0000a000  _Cla1funcsLoadEnd                          
0     0000a000  _InitFlash                                 
0     0000a000  _MW_RamfuncsLoadStart                      
0     0000a000  _MW_RamfuncsRunStart                       
0     0000a000  _RamfuncsRunStart                          
0     0000a03c  _FlashOff                                  
0     0000a048  _F28x_usDelay                              
0     0000a04c  _SysCtl_delay                              
0     0000a050  _RamfuncsRunEnd                            
0     00080000  code_start                                 
0     00080004  _RamfuncsLoadStart                         
0     00080054  _RamfuncsLoadEnd                           
0     00080054  _isr_int1pie1_task_fcn                     
0     000802ad  _isr_int9pie1_task_fcn                     
0     00080378  _datalogger_target_SetEventsForThisBaseStep
0     00080399  _datalogger_target_step0                   
0     000803b8  _datalogger_target_step1                   
0     000803cc  _datalogger_target_initialize              
0     0008062c  _datalogger_target_terminate               
0     0008062d  _TIMER1_ISR                                
0     00080637  _TIMER2_ISR                                
0     00080641  _DATALOG_ISR                               
0     0008064b  _RTOS_ISR                                  
0     00080655  _EMU_ISR                                   
0     0008065f  _NMI_ISR                                   
0     00080669  _ILLEGAL_ISR                               
0     00080673  _USER1_ISR                                 
0     0008067d  _USER2_ISR                                 
0     00080687  _USER3_ISR                                 
0     00080691  _USER4_ISR                                 
0     0008069b  _USER5_ISR                                 
0     000806a5  _USER6_ISR                                 
0     000806af  _USER7_ISR                                 
0     000806b9  _USER8_ISR                                 
0     000806c3  _USER9_ISR                                 
0     000806cd  _USER10_ISR                                
0     000806d7  _USER11_ISR                                
0     000806e1  _USER12_ISR                                
0     000806eb  _ADCA1_ISR                                 
0     000806f5  _ADCB1_ISR                                 
0     000806ff  _ADCC1_ISR                                 
0     00080709  _XINT1_ISR                                 
0     00080713  _XINT2_ISR                                 
0     0008071d  _TIMER0_ISR                                
0     00080727  _WAKE_ISR                                  
0     00080731  _EPWM1_TZ_ISR                              
0     0008073b  _EPWM2_TZ_ISR                              
0     00080745  _EPWM3_TZ_ISR                              
0     0008074f  _EPWM4_TZ_ISR                              
0     00080759  _EPWM5_TZ_ISR                              
0     00080763  _EPWM6_TZ_ISR                              
0     0008076d  _EPWM7_TZ_ISR                              
0     00080777  _EPWM8_TZ_ISR                              
0     00080781  _EPWM1_ISR                                 
0     0008078b  _EPWM2_ISR                                 
0     00080795  _EPWM3_ISR                                 
0     0008079f  _EPWM4_ISR                                 
0     000807a9  _EPWM5_ISR                                 
0     000807b3  _EPWM6_ISR                                 
0     000807bd  _EPWM7_ISR                                 
0     000807c7  _EPWM8_ISR                                 
0     000807d1  _ECAP1_ISR                                 
0     000807db  _ECAP2_ISR                                 
0     000807e5  _ECAP3_ISR                                 
0     000807ef  _ECAP4_ISR                                 
0     000807f9  _ECAP5_ISR                                 
0     00080803  _ECAP6_ISR                                 
0     0008080d  _ECAP7_ISR                                 
0     00080817  _ECAP6_2_ISR                               
0     00080821  _ECAP7_2_ISR                               
0     0008082b  _EQEP1_ISR                                 
0     00080835  _EQEP2_ISR                                 
0     0008083f  _SPIA_RX_ISR                               
0     00080849  _SPIA_TX_ISR                               
0     00080853  _SPIB_RX_ISR                               
0     0008085d  _SPIB_TX_ISR                               
0     00080867  _DMA_CH1_ISR                               
0     00080871  _DMA_CH2_ISR                               
0     0008087b  _DMA_CH3_ISR                               
0     00080885  _DMA_CH4_ISR                               
0     0008088f  _DMA_CH5_ISR                               
0     00080899  _DMA_CH6_ISR                               
0     000808a3  _I2CA_ISR                                  
0     000808ad  _I2CA_FIFO_ISR                             
0     000808b7  _SCIA_RX_ISR                               
0     000808c1  _SCIA_TX_ISR                               
0     000808cb  _SCIB_RX_ISR                               
0     000808d5  _SCIB_TX_ISR                               
0     000808df  _CANA0_ISR                                 
0     000808e9  _CANA1_ISR                                 
0     000808f3  _CANB0_ISR                                 
0     000808fd  _CANB1_ISR                                 
0     00080907  _ADCA_EVT_ISR                              
0     00080911  _ADCA2_ISR                                 
0     0008091b  _ADCA3_ISR                                 
0     00080925  _ADCA4_ISR                                 
0     0008092f  _ADCB_EVT_ISR                              
0     00080939  _ADCB2_ISR                                 
0     00080943  _ADCB3_ISR                                 
0     0008094d  _ADCB4_ISR                                 
0     00080957  _CLA1_1_ISR                                
0     00080961  _CLA1_2_ISR                                
0     0008096b  _CLA1_3_ISR                                
0     00080975  _CLA1_4_ISR                                
0     0008097f  _CLA1_5_ISR                                
0     00080989  _CLA1_6_ISR                                
0     00080993  _CLA1_7_ISR                                
0     0008099d  _CLA1_8_ISR                                
0     000809a7  _XINT3_ISR                                 
0     000809b1  _XINT4_ISR                                 
0     000809bb  _XINT5_ISR                                 
0     000809c5  _FPU_OVERFLOW_ISR                          
0     000809cf  _FPU_UNDERFLOW_ISR                         
0     000809d9  _SD1_ISR                                   
0     000809e3  _SD1DR1_ISR                                
0     000809ed  _SD1DR2_ISR                                
0     000809f7  _SD1DR3_ISR                                
0     00080a01  _SD1DR4_ISR                                
0     00080a0b  _FSITXA1_ISR                               
0     00080a15  _FSITXA2_ISR                               
0     00080a1f  _FSIRXA1_ISR                               
0     00080a29  _FSIRXA2_ISR                               
0     00080a33  _CLA1PROMCRC_ISR                           
0     00080a3d  _LINA_0_ISR                                
0     00080a47  _LINA_1_ISR                                
0     00080a51  _PMBUSA_ISR                                
0     00080a5b  _ADCC_EVT_ISR                              
0     00080a65  _ADCC2_ISR                                 
0     00080a6f  _ADCC3_ISR                                 
0     00080a79  _ADCC4_ISR                                 
0     00080a83  _RAM_CORRECTABLE_ERROR_ISR                 
0     00080a8d  _FLASH_CORRECTABLE_ERROR_ISR               
0     00080a97  _RAM_ACCESS_VIOLATION_ISR                  
0     00080aa1  _SYS_PLL_SLIP_ISR                          
0     00080aab  _CLA_OVERFLOW_ISR                          
0     00080ab5  _CLA_UNDERFLOW_ISR                         
0     00080abf  _PIE_RESERVED_ISR                          
0     00080ac9  _EMPTY_ISR                                 
0     00080ad6  _NOTUSED_ISR                               
0     00080ae0  _InitSysCtrl                               
0     00080aee  _InitPeripheralClocks                      
0     00080b66  _DisablePeripheralClocks                   
0     00080b80  _ServiceDog                                
0     00080b8e  _DisableDog                                
0     00080b9c  _InitSysPll                                
0     00080c6d  _CsmUnlock                                 
0     00080c8e  _SysIntOsc1Sel                             
0     00080c9a  _SysIntOsc2Sel                             
0     00080cc6  _SysXtalOscSel                             
0     00080ce9  _SysXtalOscSESel                           
0     00080cff  _IDLE                                      
0     00080d08  _HALT                                      
0     00080d19  _IsPLLValid                                
0     00080db4  _c2000_flash_init                          
0     00080dcb  _MW_IsPLLValid                             
0     00080e84  _MW_InitSysPll                             
0     00080f8b  _config_ADCA_SOC6                          
0     00080fb6  _config_ADCC_SOC3                          
0     00080fdb  _config_ADCC_SOC4                          
0     00081000  _config_ADCA_SOC5                          
0     00081025  _config_ADCB_SOC0                          
0     00081048  _config_ADCC_SOC1                          
0     0008106b  _config_ADCC_SOC2                          
0     0008108f  _InitAdcA                                  
0     000810ab  _InitAdcB                                  
0     000810c7  _InitAdcC                                  
0     000810e3  _scia_xmit                                 
0     00081129  _scia_rcv                                  
0     000811a9  _byteswap_L8cmp                            
0     000811dc  _rt_OneStep                                
0     00081221  _main                                      
0     0008126c  _disableWatchdog                           
0     00081277  _enable_interrupts                         
0     00081295  _init_SCI                                  
0     000812d0  _init_SCI_GPIO                             
0     000812ea  _InitCpuTimers                             
0     0008132b  _ConfigCpuTimer                            
0     00081365  _SetVREF                                   
0     000813d3  _ADCA1_INT_isr                             
0     0008140a  _SCIA_RX_INT_isr                           
0     00081441  _init_board                                
0     0008149e  _c_int00                                   
0     000814f4  _configureTimer0                           
0     00081519  _enableTimer0Interrupt                     
0     00081521  _disableTimer0Interrupt                    
0     00081537  _restoreTimer0Interrupt                    
0     00081542  _TINT0_isr                                 
0     0008158c  _config_ePWM_GPIO                          
0     000815b8  C$$EXIT                                    
0     000815b8  _abort                                     
0     000815ba  _exit                                      
0     000815e1  _InitPieCtrl                               
0     00081600  _EnableInterrupts                          
0     00081609  _InitPieVectTable                          
0     0008162f  _copy_in                                   
0     00081653  _memcpy                                    
0     00081670  _configureIXbar                            
0     00081684  __args_main                                
0     00081696  _globalInterruptEnable                     
0     0008169e  _globalInterruptDisable                    
0     000816a7  __register_unlock                          
0     000816ab  __register_lock                            
0     000816af  __nop                                      
0     000816b0  __system_pre_init                          
0     000816b2  __system_post_cinit                        
0     000816b4  _PieVectTableInit                          
0     00081878  _datalogger_target_M                       
0     0008187a  _datalogger_target_ConstB                  
0     0008187c  ___cinit__                                 
0     0008187c  cinit                                      
1     00000400  __stack                                    
1     00000800  __STACK_END                                
1     00000b00  _AdcaResultRegs                            
1     00000b20  _AdcbResultRegs                            
1     00000b40  _AdccResultRegs                            
1     00000c00  _CpuTimer0Regs                             
1     00000c08  _CpuTimer1Regs                             
1     00000c10  _CpuTimer2Regs                             
1     00000ce0  _PieCtrlRegs                               
1     00000d00  _PieVectTable                              
1     00001000  _DmaRegs                                   
1     00001400  _Cla1Regs                                  
1     00004000  _EPwm1Regs                                 
1     00004100  _EPwm2Regs                                 
1     00004200  _EPwm3Regs                                 
1     00004300  _EPwm4Regs                                 
1     00004400  _EPwm5Regs                                 
1     00004500  _EPwm6Regs                                 
1     00004600  _EPwm7Regs                                 
1     00004700  _EPwm8Regs                                 
1     00005100  _EQep1Regs                                 
1     00005140  _EQep2Regs                                 
1     00005200  _ECap1Regs                                 
1     00005240  _ECap2Regs                                 
1     00005280  _ECap3Regs                                 
1     000052c0  _ECap4Regs                                 
1     00005300  _ECap5Regs                                 
1     00005340  _ECap6Regs                                 
1     00005380  _ECap7Regs                                 
1     00005b00  _Pga1Regs                                  
1     00005b10  _Pga2Regs                                  
1     00005b20  _Pga3Regs                                  
1     00005b30  _Pga4Regs                                  
1     00005b40  _Pga5Regs                                  
1     00005b50  _Pga6Regs                                  
1     00005b60  _Pga7Regs                                  
1     00005c00  _DacaRegs                                  
1     00005c10  _DacbRegs                                  
1     00005c80  _Cmpss1Regs                                
1     00005ca0  _Cmpss2Regs                                
1     00005cc0  _Cmpss3Regs                                
1     00005ce0  _Cmpss4Regs                                
1     00005d00  _Cmpss5Regs                                
1     00005d20  _Cmpss6Regs                                
1     00005d40  _Cmpss7Regs                                
1     00005e00  _Sdfm1Regs                                 
1     00006100  _SpiaRegs                                  
1     00006110  _SpibRegs                                  
1     000061c0  _ClaPromCrc0Regs                           
1     00006400  _PmbusaRegs                                
1     00006600  _FsiTxaRegs                                
1     00006680  _FsiRxaRegs                                
1     00006a00  _LinaRegs                                  
1     00006b00  _LinbRegs                                  
1     00007000  _WdRegs                                    
1     00007060  _NmiIntruptRegs                            
1     00007070  _XintRegs                                  
1     00007200  _SciaRegs                                  
1     00007210  _ScibRegs                                  
1     00007300  _I2caRegs                                  
1     00007400  _AdcaRegs                                  
1     00007480  _AdcbRegs                                  
1     00007500  _AdccRegs                                  
1     00007900  _InputXbarRegs                             
1     00007920  _XbarRegs                                  
1     00007940  _SyncSocRegs                               
1     00007980  _DmaClaSrcSelRegs                          
1     00007a00  _EPwmXbarRegs                              
1     00007a80  _OutputXbarRegs                            
1     00007c00  _GpioCtrlRegs                              
1     00007f00  _GpioDataRegs                              
1     0000c000  _MW_adcAInitFlag                           
1     0000c001  _MW_adcCInitFlag                           
1     0000c002  _MW_adcBInitFlag                           
1     0000c012  _datalogger_target_B                       
1     0000c040  _datalogger_target_DW                      
1     0000c05a  _CpuTimer0                                 
1     0000c062  _CpuTimer1                                 
1     0000c06a  _CpuTimer2                                 
1     0000c072  ___TI_enable_exit_profile_output           
1     0000c074  ___TI_cleanup_ptr                          
1     0000c076  ___TI_dtors_ptr                            
1     0000c078  _IsrOverrun                                
1     0000c079  _stopRequested                             
1     0000c07a  _runModel                                  
1     0000c07b  _GPIO_oneTimeInit                          
1     0000c07c  __lock                                     
1     0000c07e  __unlock                                   
1     0000c080  _datalogger_target_P                       
1     0000c0ba  _isRateRunning                             
1     0000c0bc  _need2runFlags                             
1     0000c0be  _MW_InterruptDisableLock                   
1     00048000  _CanaRegs                                  
1     0004a000  _CanbRegs                                  
1     0005d000  _DevCfgRegs                                
1     0005d200  _ClkCfgRegs                                
1     0005d300  _CpuSysRegs                                
1     0005d500  _SysPeriphAcRegs                           
1     0005d700  _AnalogSubsysRegs                          
1     0005e700  _Dcc0Regs                                  
1     0005e800  _EradGlobalRegs                            
1     0005e900  _EradHWBP1Regs                             
1     0005e908  _EradHWBP2Regs                             
1     0005e910  _EradHWBP3Regs                             
1     0005e918  _EradHWBP4Regs                             
1     0005e920  _EradHWBP5Regs                             
1     0005e928  _EradHWBP6Regs                             
1     0005e930  _EradHWBP7Regs                             
1     0005e938  _EradHWBP8Regs                             
1     0005e980  _EradCounter1Regs                          
1     0005e990  _EradCounter2Regs                          
1     0005e9a0  _EradCounter3Regs                          
1     0005e9b0  _EradCounter4Regs                          
1     0005f000  _DcsmBank0Z1Regs                           
1     0005f040  _DcsmBank0Z2Regs                           
1     0005f070  _DcsmCommonRegs                            
1     0005f100  _DcsmBank1Z1Regs                           
1     0005f140  _DcsmBank1Z2Regs                           
1     0005f400  _MemCfgRegs                                
1     0005f4c0  _AccessProtectionRegs                      
1     0005f500  _MemoryErrorRegs                           
1     0005f800  _Flash0CtrlRegs                            
1     0005fb00  _Flash0EccRegs                             
abs   00000000  _MW_RamfuncsLoadSize                       
abs   00000050  _RamfuncsLoadSize                          
abs   00000050  _RamfuncsRunSize                           
abs   00000400  __STACK_SIZE                               
abs   ffffffff  .text                                      
abs   ffffffff  ___TI_pprof_out_hndl                       
abs   ffffffff  ___TI_prof_data_size                       
abs   ffffffff  ___TI_prof_data_start                      
abs   ffffffff  ___binit__                                 
abs   ffffffff  ___c_args__                                
abs   ffffffff  ___etext__                                 
abs   ffffffff  ___pinit__                                 
abs   ffffffff  ___text__                                  
abs   ffffffff  binit                                      
abs   ffffffff  etext                                      
abs   ffffffff  pinit                                      

[350 symbols]
