******************************************************************************
             TMS320C2000 Linker PC v20.2.1                     
******************************************************************************
>> Linked Thu Apr  7 11:35:27 2022

OUTPUT FILE NAME:   <../genpath_firmware.out>
ENTRY POINT SYMBOL: "_c_int00"  address: 00081ede


MEMORY CONFIGURATION

         name            origin    length      used     unused   attr    fill
----------------------  --------  ---------  --------  --------  ----  --------
PAGE 0:
  RAMM0                 000000f5   0000030b  00000000  0000030b  RWIX
  RAMLS_PROG            0000a000   00002000  00000050  00001fb0  RWIX
  RAMGS_PROG            00012000   00002000  00000000  00002000  RWIX
  BEGIN                 00080000   00000002  00000002  00000000  RWIX
  FLASH_BANK0_SEC       00080002   0000fffe  00002447  0000dbb7  RWIX
  FLASH_BANK1_SEC       00090000   00010000  00000000  00010000  RWIX
  RESET                 003fffc0   00000002  00000000  00000002  RWIX

PAGE 1:
  BOOT_RSVD             00000002   000000f3  00000000  000000f3  RWIX
  RAMM1                 00000400   00000400  00000400  00000000  RWIX
  ADCARESULT            00000b00   00000018  00000018  00000000  RWIX
  ADCBRESULT            00000b20   00000018  00000018  00000000  RWIX
  ADCCRESULT            00000b40   00000018  00000018  00000000  RWIX
  CPU_TIMER0            00000c00   00000008  00000008  00000000  RWIX
  CPU_TIMER1            00000c08   00000008  00000008  00000000  RWIX
  CPU_TIMER2            00000c10   00000008  00000008  00000000  RWIX
  PIE_CTRL              00000ce0   00000020  0000001a  00000006  RWIX
  PIE_VECT              00000d00   00000200  000001c0  00000040  RWIX
  DMA                   00001000   00000200  000000e0  00000120  RWIX
  CLA1                  00001400   00000080  00000048  00000038  RWIX
  CLA1_MSGRAMLOW        00001480   00000080  00000000  00000080  RWIX
  CLA1_MSGRAMHIGH       00001500   00000080  00000000  00000080  RWIX
  CLB1LOGICCFG          00003000   00000052  00000050  00000002  RWIX
  CLB1LOGICCTRL         00003100   00000040  00000040  00000000  RWIX
  CLB1DATAEXCH          00003200   00000200  00000108  000000f8  RWIX
  CLB2LOGICCFG          00003400   00000052  00000050  00000002  RWIX
  CLB2LOGICCTRL         00003500   00000040  00000040  00000000  RWIX
  CLB2DATAEXCH          00003600   00000200  00000108  000000f8  RWIX
  CLB3LOGICCFG          00003800   00000052  00000050  00000002  RWIX
  CLB3LOGICCTRL         00003900   00000040  00000040  00000000  RWIX
  CLB3DATAEXCH          00003a00   00000200  00000108  000000f8  RWIX
  CLB4LOGICCFG          00003c00   00000052  00000050  00000002  RWIX
  CLB4LOGICCTRL         00003d00   00000040  00000040  00000000  RWIX
  CLB4DATAEXCH          00003e00   00000200  00000108  000000f8  RWIX
  EPWM1                 00004000   00000100  00000100  00000000  RWIX
  EPWM2                 00004100   00000100  00000100  00000000  RWIX
  EPWM3                 00004200   00000100  00000100  00000000  RWIX
  EPWM4                 00004300   00000100  00000100  00000000  RWIX
  EPWM5                 00004400   00000100  00000100  00000000  RWIX
  EPWM6                 00004500   00000100  00000100  00000000  RWIX
  EPWM7                 00004600   00000100  00000100  00000000  RWIX
  EPWM8                 00004700   00000100  00000100  00000000  RWIX
  EQEP1                 00005100   00000040  00000036  0000000a  RWIX
  EQEP2                 00005140   00000040  00000036  0000000a  RWIX
  ECAP1                 00005200   00000020  0000001a  00000006  RWIX
  ECAP2                 00005240   00000020  0000001a  00000006  RWIX
  ECAP3                 00005280   00000020  0000001a  00000006  RWIX
  ECAP4                 000052c0   00000020  0000001a  00000006  RWIX
  ECAP5                 00005300   00000020  0000001a  00000006  RWIX
  ECAP6                 00005340   00000020  0000001a  00000006  RWIX
  HRCAP6                00005360   00000020  00000016  0000000a  RWIX
  ECAP7                 00005380   00000020  0000001a  00000006  RWIX
  HRCAP7                000053a0   00000020  00000016  0000000a  RWIX
  PGA1                  00005b00   00000010  0000000a  00000006  RWIX
  PGA2                  00005b10   00000010  0000000a  00000006  RWIX
  PGA3                  00005b20   00000010  0000000a  00000006  RWIX
  PGA4                  00005b30   00000010  0000000a  00000006  RWIX
  PGA5                  00005b40   00000010  0000000a  00000006  RWIX
  PGA6                  00005b50   00000010  0000000a  00000006  RWIX
  PGA7                  00005b60   00000010  0000000a  00000006  RWIX
  DACA                  00005c00   00000010  00000007  00000009  RWIX
  DACB                  00005c10   00000010  00000007  00000009  RWIX
  CMPSS1                00005c80   00000020  0000001b  00000005  RWIX
  CMPSS2                00005ca0   00000020  0000001b  00000005  RWIX
  CMPSS3                00005cc0   00000020  0000001b  00000005  RWIX
  CMPSS4                00005ce0   00000020  0000001b  00000005  RWIX
  CMPSS5                00005d00   00000020  0000001b  00000005  RWIX
  CMPSS6                00005d20   00000020  0000001b  00000005  RWIX
  CMPSS7                00005d40   00000020  0000001b  00000005  RWIX
  SDFM1                 00005e00   00000080  00000050  00000030  RWIX
  SPIA                  00006100   00000010  00000010  00000000  RWIX
  SPIB                  00006110   00000010  00000010  00000000  RWIX
  CLAPROMCRC            000061c0   00000020  00000020  00000000  RWIX
  PMBUSA                00006400   00000020  0000001e  00000002  RWIX
  FSITXA                00006600   00000080  00000050  00000030  RWIX
  FSIRXA                00006680   00000080  00000050  00000030  RWIX
  LINA                  00006a00   00000100  000000ec  00000014  RWIX
  LINB                  00006b00   00000100  00000000  00000100  RWIX
  WD                    00007000   00000040  0000002b  00000015  RWIX
  NMIINTRUPT            00007060   00000010  00000007  00000009  RWIX
  XINT                  00007070   00000010  0000000b  00000005  RWIX
  SCIA                  00007200   00000010  00000010  00000000  RWIX
  SCIB                  00007210   00000010  00000010  00000000  RWIX
  I2CA                  00007300   00000040  00000022  0000001e  RWIX
  ADCA                  00007400   00000080  00000076  0000000a  RWIX
  ADCB                  00007480   00000080  00000076  0000000a  RWIX
  ADCC                  00007500   00000080  00000076  0000000a  RWIX
  INPUT_XBAR            00007900   00000020  00000020  00000000  RWIX
  XBAR                  00007920   00000020  00000010  00000010  RWIX
  SYNC_SOC              00007940   00000010  00000006  0000000a  RWIX
  DMACLASRCSEL          00007980   00000040  0000001a  00000026  RWIX
  EPWM_XBAR             00007a00   00000040  00000040  00000000  RWIX
  CLBXBAR               00007a40   00000040  00000040  00000000  RWIX
  OUTPUT_XBAR           00007a80   00000040  00000040  00000000  RWIX
  GPIOCTRL              00007c00   00000200  00000200  00000000  RWIX
  GPIODAT               00007f00   00000040  0000003a  00000006  RWIX
  RAMLS_DATA            00008000   00002000  00000000  00002000  RWIX
  RAMGS_DATA            0000c000   00008000  000000fb  00007f05  RWIX
  CANA                  00048000   00000800  00000164  0000069c  RWIX
  CANB                  0004a000   00000800  00000164  0000069c  RWIX
  DEV_CFG               0005d000   00000180  00000132  0000004e  RWIX
  CLK_CFG               0005d200   00000100  00000034  000000cc  RWIX
  CPU_SYS               0005d300   00000100  00000082  0000007e  RWIX
  PERIPH_AC             0005d500   00000200  00000200  00000000  RWIX
  ANALOG_SUBSYS         0005d700   00000100  00000090  00000070  RWIX
  DCC0                  0005e700   00000040  0000002c  00000014  RWIX
  ERAD_GLOBAL           0005e800   00000013  0000000b  00000008  RWIX
  ERAD_HWBP1            0005e900   00000008  00000008  00000000  RWIX
  ERAD_HWBP2            0005e908   00000008  00000008  00000000  RWIX
  ERAD_HWBP3            0005e910   00000008  00000008  00000000  RWIX
  ERAD_HWBP4            0005e918   00000008  00000008  00000000  RWIX
  ERAD_HWBP5            0005e920   00000008  00000008  00000000  RWIX
  ERAD_HWBP6            0005e928   00000008  00000008  00000000  RWIX
  ERAD_HWBP7            0005e930   00000008  00000008  00000000  RWIX
  ERAD_HWBP8            0005e938   00000008  00000008  00000000  RWIX
  ERAD_CTR1             0005e980   00000010  0000000a  00000006  RWIX
  ERAD_CTR2             0005e990   00000010  0000000a  00000006  RWIX
  ERAD_CTR3             0005e9a0   00000010  0000000a  00000006  RWIX
  ERAD_CTR4             0005e9b0   00000010  0000000a  00000006  RWIX
  DCSM_BANK0_Z1         0005f000   00000030  00000022  0000000e  RWIX
  DCSM_BANK0_Z2         0005f040   00000030  00000022  0000000e  RWIX
  DCSM_COMMON           0005f070   00000010  00000010  00000000  RWIX
  DCSM_BANK1_Z1         0005f100   00000030  00000020  00000010  RWIX
  DCSM_BANK1_Z2         0005f140   00000030  00000020  00000010  RWIX
  MEMCFG                0005f400   00000080  00000076  0000000a  RWIX
  ACCESSPROTECTION      0005f4c0   00000040  0000002e  00000012  RWIX
  MEMORYERROR           0005f500   00000040  0000003a  00000006  RWIX
  FLASH0_CTRL           0005f800   00000300  00000182  0000017e  RWIX
  FLASH0_ECC            0005fb00   00000040  00000028  00000018  RWIX


SECTION ALLOCATION MAP

 output                                  attributes/
section   page    origin      length       input sections
--------  ----  ----------  ----------   ----------------
ramfuncs   0    0000a000    00000000     UNINITIALIZED

codestart 
*          0    00080000    00000002     
                  00080000    00000002     f28004x_codestartbranch.obj (codestart)

.cinit     0    000823b4    0000009b     
                  000823b4    0000005f     genpath_firmware_data.obj (.cinit)
                  00082413    0000000e     rts2800_fpu32.lib : exit.c.obj (.cinit)
                  00082421    0000000c     genpath_firmware.obj (.cinit)
                  0008242d    00000005     rts2800_fpu32.lib : _lock.c.obj (.cinit:__lock)
                  00082432    00000005                       : _lock.c.obj (.cinit:__unlock)
                  00082437    00000005     ert_main.obj (.cinit:_isRateRunning)
                  0008243c    00000005     ert_main.obj (.cinit:_need2runFlags)
                  00082441    00000004     MW_c28xGPIO.obj (.cinit)
                  00082445    00000004     MW_c28xx_adc.obj (.cinit)
                  00082449    00000004     ert_main.obj (.cinit)
                  0008244d    00000002     --HOLE-- [fill = 0]

AdcaResultRegsFile 
*          1    00000b00    00000018     UNINITIALIZED
                  00000b00    00000018     f28004x_globalvariabledefs.obj (AdcaResultRegsFile)

AdcbResultRegsFile 
*          1    00000b20    00000018     UNINITIALIZED
                  00000b20    00000018     f28004x_globalvariabledefs.obj (AdcbResultRegsFile)

AdccResultRegsFile 
*          1    00000b40    00000018     UNINITIALIZED
                  00000b40    00000018     f28004x_globalvariabledefs.obj (AdccResultRegsFile)

CpuTimer0RegsFile 
*          1    00000c00    00000008     UNINITIALIZED
                  00000c00    00000008     f28004x_globalvariabledefs.obj (CpuTimer0RegsFile)

CpuTimer1RegsFile 
*          1    00000c08    00000008     UNINITIALIZED
                  00000c08    00000008     f28004x_globalvariabledefs.obj (CpuTimer1RegsFile)

CpuTimer2RegsFile 
*          1    00000c10    00000008     UNINITIALIZED
                  00000c10    00000008     f28004x_globalvariabledefs.obj (CpuTimer2RegsFile)

PieCtrlRegsFile 
*          1    00000ce0    0000001a     UNINITIALIZED
                  00000ce0    0000001a     f28004x_globalvariabledefs.obj (PieCtrlRegsFile)

PieVectTableFile 
*          1    00000d00    000001c0     UNINITIALIZED
                  00000d00    000001c0     f28004x_globalvariabledefs.obj (PieVectTableFile)

EmuKeyVar 
*          1    00000d00    00000000     UNINITIALIZED

EmuBModeVar 
*          1    00000d00    00000000     UNINITIALIZED

FlashCallbackVar 
*          1    00000d00    00000000     UNINITIALIZED

FlashScalingVar 
*          1    00000d00    00000000     UNINITIALIZED

DmaRegsFile 
*          1    00001000    000000e0     UNINITIALIZED
                  00001000    000000e0     f28004x_globalvariabledefs.obj (DmaRegsFile)

Cla1RegsFile 
*          1    00001400    00000048     UNINITIALIZED
                  00001400    00000048     f28004x_globalvariabledefs.obj (Cla1RegsFile)

Clb1LogicCfgRegsFile 
*          1    00003000    00000050     UNINITIALIZED
                  00003000    00000050     f28004x_globalvariabledefs.obj (Clb1LogicCfgRegsFile)

Clb1LogicCtrlRegsFile 
*          1    00003100    00000040     UNINITIALIZED
                  00003100    00000040     f28004x_globalvariabledefs.obj (Clb1LogicCtrlRegsFile)

Clb1DataExchRegsFile 
*          1    00003200    00000108     UNINITIALIZED
                  00003200    00000108     f28004x_globalvariabledefs.obj (Clb1DataExchRegsFile)

Clb2LogicCfgRegsFile 
*          1    00003400    00000050     UNINITIALIZED
                  00003400    00000050     f28004x_globalvariabledefs.obj (Clb2LogicCfgRegsFile)

Clb2LogicCtrlRegsFile 
*          1    00003500    00000040     UNINITIALIZED
                  00003500    00000040     f28004x_globalvariabledefs.obj (Clb2LogicCtrlRegsFile)

Clb2DataExchRegsFile 
*          1    00003600    00000108     UNINITIALIZED
                  00003600    00000108     f28004x_globalvariabledefs.obj (Clb2DataExchRegsFile)

Clb3LogicCfgRegsFile 
*          1    00003800    00000050     UNINITIALIZED
                  00003800    00000050     f28004x_globalvariabledefs.obj (Clb3LogicCfgRegsFile)

Clb3LogicCtrlRegsFile 
*          1    00003900    00000040     UNINITIALIZED
                  00003900    00000040     f28004x_globalvariabledefs.obj (Clb3LogicCtrlRegsFile)

Clb3DataExchRegsFile 
*          1    00003a00    00000108     UNINITIALIZED
                  00003a00    00000108     f28004x_globalvariabledefs.obj (Clb3DataExchRegsFile)

Clb4LogicCfgRegsFile 
*          1    00003c00    00000050     UNINITIALIZED
                  00003c00    00000050     f28004x_globalvariabledefs.obj (Clb4LogicCfgRegsFile)

Clb4LogicCtrlRegsFile 
*          1    00003d00    00000040     UNINITIALIZED
                  00003d00    00000040     f28004x_globalvariabledefs.obj (Clb4LogicCtrlRegsFile)

Clb4DataExchRegsFile 
*          1    00003e00    00000108     UNINITIALIZED
                  00003e00    00000108     f28004x_globalvariabledefs.obj (Clb4DataExchRegsFile)

EPwm1RegsFile 
*          1    00004000    00000100     UNINITIALIZED
                  00004000    00000100     f28004x_globalvariabledefs.obj (EPwm1RegsFile)

EPwm2RegsFile 
*          1    00004100    00000100     UNINITIALIZED
                  00004100    00000100     f28004x_globalvariabledefs.obj (EPwm2RegsFile)

EPwm3RegsFile 
*          1    00004200    00000100     UNINITIALIZED
                  00004200    00000100     f28004x_globalvariabledefs.obj (EPwm3RegsFile)

EPwm4RegsFile 
*          1    00004300    00000100     UNINITIALIZED
                  00004300    00000100     f28004x_globalvariabledefs.obj (EPwm4RegsFile)

EPwm5RegsFile 
*          1    00004400    00000100     UNINITIALIZED
                  00004400    00000100     f28004x_globalvariabledefs.obj (EPwm5RegsFile)

EPwm6RegsFile 
*          1    00004500    00000100     UNINITIALIZED
                  00004500    00000100     f28004x_globalvariabledefs.obj (EPwm6RegsFile)

EPwm7RegsFile 
*          1    00004600    00000100     UNINITIALIZED
                  00004600    00000100     f28004x_globalvariabledefs.obj (EPwm7RegsFile)

EPwm8RegsFile 
*          1    00004700    00000100     UNINITIALIZED
                  00004700    00000100     f28004x_globalvariabledefs.obj (EPwm8RegsFile)

EQep1RegsFile 
*          1    00005100    00000036     UNINITIALIZED
                  00005100    00000036     f28004x_globalvariabledefs.obj (EQep1RegsFile)

EQep2RegsFile 
*          1    00005140    00000036     UNINITIALIZED
                  00005140    00000036     f28004x_globalvariabledefs.obj (EQep2RegsFile)

ECap1RegsFile 
*          1    00005200    0000001a     UNINITIALIZED
                  00005200    0000001a     f28004x_globalvariabledefs.obj (ECap1RegsFile)

ECap2RegsFile 
*          1    00005240    0000001a     UNINITIALIZED
                  00005240    0000001a     f28004x_globalvariabledefs.obj (ECap2RegsFile)

ECap3RegsFile 
*          1    00005280    0000001a     UNINITIALIZED
                  00005280    0000001a     f28004x_globalvariabledefs.obj (ECap3RegsFile)

ECap4RegsFile 
*          1    000052c0    0000001a     UNINITIALIZED
                  000052c0    0000001a     f28004x_globalvariabledefs.obj (ECap4RegsFile)

ECap5RegsFile 
*          1    00005300    0000001a     UNINITIALIZED
                  00005300    0000001a     f28004x_globalvariabledefs.obj (ECap5RegsFile)

ECap6RegsFile 
*          1    00005340    0000001a     UNINITIALIZED
                  00005340    0000001a     f28004x_globalvariabledefs.obj (ECap6RegsFile)

HRCap6RegsFile 
*          1    00005360    00000016     UNINITIALIZED
                  00005360    00000016     f28004x_globalvariabledefs.obj (HRCap6RegsFile)

ECap7RegsFile 
*          1    00005380    0000001a     UNINITIALIZED
                  00005380    0000001a     f28004x_globalvariabledefs.obj (ECap7RegsFile)

HRCap7RegsFile 
*          1    000053a0    00000016     UNINITIALIZED
                  000053a0    00000016     f28004x_globalvariabledefs.obj (HRCap7RegsFile)

Pga1RegsFile 
*          1    00005b00    0000000a     UNINITIALIZED
                  00005b00    0000000a     f28004x_globalvariabledefs.obj (Pga1RegsFile)

Pga2RegsFile 
*          1    00005b10    0000000a     UNINITIALIZED
                  00005b10    0000000a     f28004x_globalvariabledefs.obj (Pga2RegsFile)

Pga3RegsFile 
*          1    00005b20    0000000a     UNINITIALIZED
                  00005b20    0000000a     f28004x_globalvariabledefs.obj (Pga3RegsFile)

Pga4RegsFile 
*          1    00005b30    0000000a     UNINITIALIZED
                  00005b30    0000000a     f28004x_globalvariabledefs.obj (Pga4RegsFile)

Pga5RegsFile 
*          1    00005b40    0000000a     UNINITIALIZED
                  00005b40    0000000a     f28004x_globalvariabledefs.obj (Pga5RegsFile)

Pga6RegsFile 
*          1    00005b50    0000000a     UNINITIALIZED
                  00005b50    0000000a     f28004x_globalvariabledefs.obj (Pga6RegsFile)

Pga7RegsFile 
*          1    00005b60    0000000a     UNINITIALIZED
                  00005b60    0000000a     f28004x_globalvariabledefs.obj (Pga7RegsFile)

DacaRegsFile 
*          1    00005c00    00000007     UNINITIALIZED
                  00005c00    00000007     f28004x_globalvariabledefs.obj (DacaRegsFile)

DacbRegsFile 
*          1    00005c10    00000007     UNINITIALIZED
                  00005c10    00000007     f28004x_globalvariabledefs.obj (DacbRegsFile)

Cmpss1RegsFile 
*          1    00005c80    0000001b     UNINITIALIZED
                  00005c80    0000001b     f28004x_globalvariabledefs.obj (Cmpss1RegsFile)

Cmpss2RegsFile 
*          1    00005ca0    0000001b     UNINITIALIZED
                  00005ca0    0000001b     f28004x_globalvariabledefs.obj (Cmpss2RegsFile)

Cmpss3RegsFile 
*          1    00005cc0    0000001b     UNINITIALIZED
                  00005cc0    0000001b     f28004x_globalvariabledefs.obj (Cmpss3RegsFile)

Cmpss4RegsFile 
*          1    00005ce0    0000001b     UNINITIALIZED
                  00005ce0    0000001b     f28004x_globalvariabledefs.obj (Cmpss4RegsFile)

Cmpss5RegsFile 
*          1    00005d00    0000001b     UNINITIALIZED
                  00005d00    0000001b     f28004x_globalvariabledefs.obj (Cmpss5RegsFile)

Cmpss6RegsFile 
*          1    00005d20    0000001b     UNINITIALIZED
                  00005d20    0000001b     f28004x_globalvariabledefs.obj (Cmpss6RegsFile)

Cmpss7RegsFile 
*          1    00005d40    0000001b     UNINITIALIZED
                  00005d40    0000001b     f28004x_globalvariabledefs.obj (Cmpss7RegsFile)

Sdfm1RegsFile 
*          1    00005e00    00000050     UNINITIALIZED
                  00005e00    00000050     f28004x_globalvariabledefs.obj (Sdfm1RegsFile)

SpiaRegsFile 
*          1    00006100    00000010     UNINITIALIZED
                  00006100    00000010     f28004x_globalvariabledefs.obj (SpiaRegsFile)

SpibRegsFile 
*          1    00006110    00000010     UNINITIALIZED
                  00006110    00000010     f28004x_globalvariabledefs.obj (SpibRegsFile)

FsiTxaRegsFile 
*          1    00006600    00000050     UNINITIALIZED
                  00006600    00000050     f28004x_globalvariabledefs.obj (FsiTxaRegsFile)

FsiRxaRegsFile 
*          1    00006680    00000050     UNINITIALIZED
                  00006680    00000050     f28004x_globalvariabledefs.obj (FsiRxaRegsFile)

LinaRegsFile 
*          1    00006a00    000000ec     UNINITIALIZED
                  00006a00    000000ec     f28004x_globalvariabledefs.obj (LinaRegsFile)

WdRegsFile 
*          1    00007000    0000002b     UNINITIALIZED
                  00007000    0000002b     f28004x_globalvariabledefs.obj (WdRegsFile)

NmiIntruptRegsFile 
*          1    00007060    00000007     UNINITIALIZED
                  00007060    00000007     f28004x_globalvariabledefs.obj (NmiIntruptRegsFile)

XintRegsFile 
*          1    00007070    0000000b     UNINITIALIZED
                  00007070    0000000b     f28004x_globalvariabledefs.obj (XintRegsFile)

I2caRegsFile 
*          1    00007300    00000022     UNINITIALIZED
                  00007300    00000022     f28004x_globalvariabledefs.obj (I2caRegsFile)

AdcaRegsFile 
*          1    00007400    00000076     UNINITIALIZED
                  00007400    00000076     f28004x_globalvariabledefs.obj (AdcaRegsFile)

AdcbRegsFile 
*          1    00007480    00000076     UNINITIALIZED
                  00007480    00000076     f28004x_globalvariabledefs.obj (AdcbRegsFile)

AdccRegsFile 
*          1    00007500    00000076     UNINITIALIZED
                  00007500    00000076     f28004x_globalvariabledefs.obj (AdccRegsFile)

InputXbarRegsFile 
*          1    00007900    00000020     UNINITIALIZED
                  00007900    00000020     f28004x_globalvariabledefs.obj (InputXbarRegsFile)

XbarRegsFile 
*          1    00007920    00000010     UNINITIALIZED
                  00007920    00000010     f28004x_globalvariabledefs.obj (XbarRegsFile)

SyncSocRegsFile 
*          1    00007940    00000006     UNINITIALIZED
                  00007940    00000006     f28004x_globalvariabledefs.obj (SyncSocRegsFile)

EPwmXbarRegsFile 
*          1    00007a00    00000040     UNINITIALIZED
                  00007a00    00000040     f28004x_globalvariabledefs.obj (EPwmXbarRegsFile)

OutputXbarRegsFile 
*          1    00007a80    00000040     UNINITIALIZED
                  00007a80    00000040     f28004x_globalvariabledefs.obj (OutputXbarRegsFile)

GpioCtrlRegsFile 
*          1    00007c00    00000200     UNINITIALIZED
                  00007c00    00000200     f28004x_globalvariabledefs.obj (GpioCtrlRegsFile)

GpioDataRegsFile 
*          1    00007f00    0000003a     UNINITIALIZED
                  00007f00    0000003a     f28004x_globalvariabledefs.obj (GpioDataRegsFile)

CanaRegsFile 
*          1    00048000    00000164     UNINITIALIZED
                  00048000    00000164     f28004x_globalvariabledefs.obj (CanaRegsFile)

CanbRegsFile 
*          1    0004a000    00000164     UNINITIALIZED
                  0004a000    00000164     f28004x_globalvariabledefs.obj (CanbRegsFile)

AnalogSubsysRegsFile 
*          1    0005d700    00000090     UNINITIALIZED
                  0005d700    00000090     f28004x_globalvariabledefs.obj (AnalogSubsysRegsFile)

Cla1SoftIntRegsFile 
*          1    00000ce0    00000000     DSECT

ClaPromCrc0RegsFile 
*          1    000061c0    00000020     UNINITIALIZED
                  000061c0    00000020     f28004x_globalvariabledefs.obj (ClaPromCrc0RegsFile)

CLBXbarRegsFile 
*          1    00007a40    00000040     UNINITIALIZED
                  00007a40    00000040     f28004x_globalvariabledefs.obj (CLBXbarRegsFile)

Dcc0RegsFile 
*          1    0005e700    0000002c     UNINITIALIZED
                  0005e700    0000002c     f28004x_globalvariabledefs.obj (Dcc0RegsFile)

EradGlobalRegsFile 
*          1    0005e800    0000000b     UNINITIALIZED
                  0005e800    0000000b     f28004x_globalvariabledefs.obj (EradGlobalRegsFile)

EradHWBP1RegsFile 
*          1    0005e900    00000008     UNINITIALIZED
                  0005e900    00000008     f28004x_globalvariabledefs.obj (EradHWBP1RegsFile)

EradHWBP2RegsFile 
*          1    0005e908    00000008     UNINITIALIZED
                  0005e908    00000008     f28004x_globalvariabledefs.obj (EradHWBP2RegsFile)

EradHWBP3RegsFile 
*          1    0005e910    00000008     UNINITIALIZED
                  0005e910    00000008     f28004x_globalvariabledefs.obj (EradHWBP3RegsFile)

EradHWBP4RegsFile 
*          1    0005e918    00000008     UNINITIALIZED
                  0005e918    00000008     f28004x_globalvariabledefs.obj (EradHWBP4RegsFile)

EradHWBP5RegsFile 
*          1    0005e920    00000008     UNINITIALIZED
                  0005e920    00000008     f28004x_globalvariabledefs.obj (EradHWBP5RegsFile)

EradHWBP6RegsFile 
*          1    0005e928    00000008     UNINITIALIZED
                  0005e928    00000008     f28004x_globalvariabledefs.obj (EradHWBP6RegsFile)

EradHWBP7RegsFile 
*          1    0005e930    00000008     UNINITIALIZED
                  0005e930    00000008     f28004x_globalvariabledefs.obj (EradHWBP7RegsFile)

EradHWBP8RegsFile 
*          1    0005e938    00000008     UNINITIALIZED
                  0005e938    00000008     f28004x_globalvariabledefs.obj (EradHWBP8RegsFile)

EradCounter1RegsFile 
*          1    0005e980    0000000a     UNINITIALIZED
                  0005e980    0000000a     f28004x_globalvariabledefs.obj (EradCounter1RegsFile)

EradCounter2RegsFile 
*          1    0005e990    0000000a     UNINITIALIZED
                  0005e990    0000000a     f28004x_globalvariabledefs.obj (EradCounter2RegsFile)

EradCounter3RegsFile 
*          1    0005e9a0    0000000a     UNINITIALIZED
                  0005e9a0    0000000a     f28004x_globalvariabledefs.obj (EradCounter3RegsFile)

EradCounter4RegsFile 
*          1    0005e9b0    0000000a     UNINITIALIZED
                  0005e9b0    0000000a     f28004x_globalvariabledefs.obj (EradCounter4RegsFile)

DcsmBank0Z1RegsFile 
*          1    0005f000    00000022     UNINITIALIZED
                  0005f000    00000022     f28004x_globalvariabledefs.obj (DcsmBank0Z1RegsFile)

DcsmBank0Z2RegsFile 
*          1    0005f040    00000022     UNINITIALIZED
                  0005f040    00000022     f28004x_globalvariabledefs.obj (DcsmBank0Z2RegsFile)

DcsmCommonRegsFile 
*          1    0005f070    00000010     UNINITIALIZED
                  0005f070    00000010     f28004x_globalvariabledefs.obj (DcsmCommonRegsFile)

DcsmBank1Z1RegsFile 
*          1    0005f100    00000020     UNINITIALIZED
                  0005f100    00000020     f28004x_globalvariabledefs.obj (DcsmBank1Z1RegsFile)

DcsmBank1Z2RegsFile 
*          1    0005f140    00000020     UNINITIALIZED
                  0005f140    00000020     f28004x_globalvariabledefs.obj (DcsmBank1Z2RegsFile)

Flash0CtrlRegsFile 
*          1    0005f800    00000182     UNINITIALIZED
                  0005f800    00000182     f28004x_globalvariabledefs.obj (Flash0CtrlRegsFile)

Flash0EccRegsFile 
*          1    0005fb00    00000028     UNINITIALIZED
                  0005fb00    00000028     f28004x_globalvariabledefs.obj (Flash0EccRegsFile)

MemCfgRegsFile 
*          1    0005f400    00000076     UNINITIALIZED
                  0005f400    00000076     f28004x_globalvariabledefs.obj (MemCfgRegsFile)

AccessProtectionRegsFile 
*          1    0005f4c0    0000002e     UNINITIALIZED
                  0005f4c0    0000002e     f28004x_globalvariabledefs.obj (AccessProtectionRegsFile)

MemoryErrorRegsFile 
*          1    0005f500    0000003a     UNINITIALIZED
                  0005f500    0000003a     f28004x_globalvariabledefs.obj (MemoryErrorRegsFile)

PmbusaRegsFile 
*          1    00006400    0000001e     UNINITIALIZED
                  00006400    0000001e     f28004x_globalvariabledefs.obj (PmbusaRegsFile)

SciaRegsFile 
*          1    00007200    00000010     UNINITIALIZED
                  00007200    00000010     f28004x_globalvariabledefs.obj (SciaRegsFile)

ScibRegsFile 
*          1    00007210    00000010     UNINITIALIZED
                  00007210    00000010     f28004x_globalvariabledefs.obj (ScibRegsFile)

DmaClaSrcSelRegsFile 
*          1    00007980    0000001a     UNINITIALIZED
                  00007980    0000001a     f28004x_globalvariabledefs.obj (DmaClaSrcSelRegsFile)

DevCfgRegsFile 
*          1    0005d000    00000132     UNINITIALIZED
                  0005d000    00000132     f28004x_globalvariabledefs.obj (DevCfgRegsFile)

ClkCfgRegsFile 
*          1    0005d200    00000034     UNINITIALIZED
                  0005d200    00000034     f28004x_globalvariabledefs.obj (ClkCfgRegsFile)

CpuSysRegsFile 
*          1    0005d300    00000082     UNINITIALIZED
                  0005d300    00000082     f28004x_globalvariabledefs.obj (CpuSysRegsFile)

SysPeriphAcRegsFile 
*          1    0005d500    00000200     UNINITIALIZED
                  0005d500    00000200     f28004x_globalvariabledefs.obj (SysPeriphAcRegsFile)

.pinit     0    00080004    00000000     UNINITIALIZED

.econst    0    000821e0    000001d1     
                  000821e0    000001c0     f28004x_pievect.obj (.econst:_PieVectTableInit)
                  000823a0    00000004     genpath_firmware.obj (.econst:.string)
                  000823a4    00000004     rts2800_fpu32.lib : e_fmodf.c.obj (.econst:_Zero)
                  000823a8    00000002     rtGetNaN.obj (.econst:_$P$T0$1)
                  000823aa    00000002     genpath_firmware.obj (.econst)
                  000823ac    00000002     rts2800_fpu32.lib : e_fmodf.c.obj (.econst)
                  000823ae    00000002                       : s_floorf.c.obj (.econst)
                  000823b0    00000001     genpath_firmware_data.obj (.econst:_genpath_firmware_ConstB)

.ebss      1    0000c000    000000fb     UNINITIALIZED
                  0000c000    00000066     genpath_firmware.obj (.ebss)
                  0000c066    00000018     f28004x_cputimers.obj (.ebss)
                  0000c07e    00000002     rts2800_fpu32.lib : _lock.c.obj (.ebss:__lock)
                  0000c080    0000005c     genpath_firmware_data.obj (.ebss)
                  0000c0dc    0000000c     rt_nonfinite.obj (.ebss)
                  0000c0e8    00000006     rts2800_fpu32.lib : exit.c.obj (.ebss)
                  0000c0ee    00000003     ert_main.obj (.ebss)
                  0000c0f1    00000001     MW_c28xGPIO.obj (.ebss)
                  0000c0f2    00000002     rts2800_fpu32.lib : _lock.c.obj (.ebss:__unlock)
                  0000c0f4    00000002     ert_main.obj (.ebss:_isRateRunning)
                  0000c0f6    00000002     ert_main.obj (.ebss:_need2runFlags)
                  0000c0f8    00000001     MW_c28xGlobalInterrupts.obj (.ebss)
                  0000c0f9    00000001     MW_c28xx_adc.obj (.ebss)
                  0000c0fa    00000001     MW_c28xx_csl.obj (.ebss)

.TI.ramfunc 
*          0    00080004    00000050     RUN ADDR = 0000a000
                  00080004    00000048     f28004x_sysctrl.obj (.TI.ramfunc)
                  0008004c    00000004     f28004x_usdelay.obj (.TI.ramfunc)
                  00080050    00000004     sysctl.obj (.TI.ramfunc)

.reset     0    003fffc0    00000002     DSECT
                  003fffc0    00000002     rts2800_fpu32.lib : boot28.asm.obj (.reset)

.stack     1    00000400    00000400     UNINITIALIZED
                  00000400    00000400     --HOLE--

.text      0    00080054    0000218b     
                  00080054    0000097e     genpath_firmware.obj (.text)
                  000809d2    000004b3     f28004x_defaultisr.obj (.text:retain)
                  00080e85    000002e9     f28004x_sysctrl.obj (.text)
                  0008116e    000001ee     f28004x_gpio.obj (.text)
                  0008135c    000001af     c28004xBoard_Realtime_Support.obj (.text)
                  0008150b    000001ae     DSP28xx_SciUtil.obj (.text)
                  000816b9    000001ac     rts2800_fpu32.lib : ti_fmax.c.obj (.text)
                  00081865    0000016b     MW_c28xx_adc.obj (.text)
                  000819d0    000000cf     rts2800_fpu32.lib : e_fmodf.c.obj (.text)
                  00081a9f    00000096     ert_main.obj (.text)
                  00081b35    00000092     rt_nonfinite.obj (.text)
                  00081bc7    00000088     rts2800_fpu32.lib : fs_div28.asm.obj (.text)
                  00081c4f    00000081     MW_c28xx_csl.obj (.text)
                  00081cd0    0000007b     f28004x_cputimers.obj (.text)
                  00081d4b    0000006e     MW_c28xx_csl.obj (.text:retain)
                  00081db9    00000068     f28004x_adc.obj (.text)
                  00081e21    00000064     MW_c28xx_board.obj (.text)
                  00081e85    00000059     rts2800_fpu32.lib : s_floorf.c.obj (.text)
                  00081ede    00000056                       : boot28.asm.obj (.text)
                  00081f34    0000004e     c28004xSchedulerTimer0.obj (.text)
                  00081f82    0000004a     c28004xSchedulerTimer0.obj (.text:retain)
                  00081fcc    00000044     rtGetInf.obj (.text)
                  00082010    00000030     MW_c28xGPIO.obj (.text)
                  00082040    0000002c     MW_c28xx_pwm.obj (.text)
                  0008206c    0000002a     rtGetNaN.obj (.text)
                  00082096    0000002a     rts2800_fpu32.lib : fd_cmp28.asm.obj (.text)
                  000820c0    00000029                       : exit.c.obj (.text)
                  000820e9    00000028     f28004x_piectrl.obj (.text)
                  00082111    00000026     f28004x_pievect.obj (.text)
                  00082137    00000024     rts2800_fpu32.lib : cpy_tbl.c.obj (.text)
                  0008215b    0000001e                       : ll_cmp28.asm.obj (.text)
                  00082179    0000001d                       : memcpy.c.obj (.text)
                  00082196    00000012     MW_c28xx_overrun.obj (.text)
                  000821a8    00000012     rts2800_fpu32.lib : args_main.c.obj (.text)
                  000821ba    00000011     MW_c28xGlobalInterrupts.obj (.text)
                  000821cb    00000009     rts2800_fpu32.lib : _lock.c.obj (.text)
                  000821d4    00000008     f28004x_codestartbranch.obj (.text)
                  000821dc    00000002     rts2800_fpu32.lib : pre_init.c.obj (.text)
                  000821de    00000001                       : startup.c.obj (.text)

MODULE SUMMARY

       Module                              code   initialized data   uninitialized data
       ------                              ----   ----------------   ------------------
    <current directory>
       f28004x_globalvariabledefs.obj      0      0                  9857              
       genpath_firmware.obj                2430   18                 102               
       f28004x_defaultisr.obj              1203   0                  0                 
       f28004x_sysctrl.obj                 889    0                  0                 
       f28004x_gpio.obj                    494    0                  0                 
       f28004x_pievect.obj                 38     448                0                 
       c28004xBoard_Realtime_Support.obj   431    0                  0                 
       DSP28xx_SciUtil.obj                 430    0                  0                 
       MW_c28xx_adc.obj                    363    4                  1                 
       MW_c28xx_csl.obj                    239    0                  1                 
       genpath_firmware_data.obj           0      96                 92                
       ert_main.obj                        150    14                 7                 
       rt_nonfinite.obj                    146    0                  12                
       c28004xSchedulerTimer0.obj          152    0                  0                 
       f28004x_cputimers.obj               123    0                  24                
       f28004x_adc.obj                     104    0                  0                 
       MW_c28xx_board.obj                  100    0                  0                 
       rtGetInf.obj                        68     0                  0                 
       MW_c28xGPIO.obj                     48     4                  1                 
       MW_c28xx_pwm.obj                    44     0                  0                 
       rtGetNaN.obj                        42     2                  0                 
       f28004x_piectrl.obj                 40     0                  0                 
       MW_c28xGlobalInterrupts.obj         17     0                  1                 
       MW_c28xx_overrun.obj                18     0                  0                 
       f28004x_codestartbranch.obj         10     0                  0                 
       f28004x_usdelay.obj                 8      0                  0                 
       sysctl.obj                          8      0                  0                 
    +--+-----------------------------------+------+------------------+--------------------+
       Total:                              7595   586                10098             
                                                                                       
    C:/PROGRA~3/MATLAB/SUPPOR~1/3P778C~1.INS/TIC28X~1.INS/TI-CGT~1.LTS/lib/rts2800_fpu32.lib
       ti_fmax.c.obj                       428    0                  0                 
       e_fmodf.c.obj                       207    6                  0                 
       fs_div28.asm.obj                    136    0                  0                 
       s_floorf.c.obj                      89     2                  0                 
       boot28.asm.obj                      86     0                  0                 
       exit.c.obj                          41     14                 6                 
       fd_cmp28.asm.obj                    42     0                  0                 
       cpy_tbl.c.obj                       36     0                  0                 
       ll_cmp28.asm.obj                    30     0                  0                 
       memcpy.c.obj                        29     0                  0                 
       _lock.c.obj                         9      10                 4                 
       args_main.c.obj                     18     0                  0                 
       pre_init.c.obj                      2      0                  0                 
       startup.c.obj                       1      0                  0                 
    +--+-----------------------------------+------+------------------+--------------------+
       Total:                              1154   32                 10                
                                                                                       
       Stack:                              0      0                  1024              
    +--+-----------------------------------+------+------------------+--------------------+
       Grand Total:                        8749   618                11132             


GLOBAL DATA SYMBOLS: SORTED BY DATA PAGE

address     data page           name
--------    ----------------    ----
00000400      10 (00000400)     __stack

00000b00      2c (00000b00)     _AdcaResultRegs
00000b20      2c (00000b00)     _AdcbResultRegs

00000b40      2d (00000b40)     _AdccResultRegs

00000c00      30 (00000c00)     _CpuTimer0Regs
00000c08      30 (00000c00)     _CpuTimer1Regs
00000c10      30 (00000c00)     _CpuTimer2Regs

00000ce0      33 (00000cc0)     _PieCtrlRegs

00000d00      34 (00000d00)     _PieVectTable

00001000      40 (00001000)     _DmaRegs

00001400      50 (00001400)     _Cla1Regs

00003000      c0 (00003000)     _Clb1LogicCfgRegs

00003100      c4 (00003100)     _Clb1LogicCtrlRegs

00003200      c8 (00003200)     _Clb1DataExchRegs

00003400      d0 (00003400)     _Clb2LogicCfgRegs

00003500      d4 (00003500)     _Clb2LogicCtrlRegs

00003600      d8 (00003600)     _Clb2DataExchRegs

00003800      e0 (00003800)     _Clb3LogicCfgRegs

00003900      e4 (00003900)     _Clb3LogicCtrlRegs

00003a00      e8 (00003a00)     _Clb3DataExchRegs

00003c00      f0 (00003c00)     _Clb4LogicCfgRegs

00003d00      f4 (00003d00)     _Clb4LogicCtrlRegs

00003e00      f8 (00003e00)     _Clb4DataExchRegs

00004000     100 (00004000)     _EPwm1Regs

00004100     104 (00004100)     _EPwm2Regs

00004200     108 (00004200)     _EPwm3Regs

00004300     10c (00004300)     _EPwm4Regs

00004400     110 (00004400)     _EPwm5Regs

00004500     114 (00004500)     _EPwm6Regs

00004600     118 (00004600)     _EPwm7Regs

00004700     11c (00004700)     _EPwm8Regs

00005100     144 (00005100)     _EQep1Regs

00005140     145 (00005140)     _EQep2Regs

00005200     148 (00005200)     _ECap1Regs

00005240     149 (00005240)     _ECap2Regs

00005280     14a (00005280)     _ECap3Regs

000052c0     14b (000052c0)     _ECap4Regs

00005300     14c (00005300)     _ECap5Regs

00005340     14d (00005340)     _ECap6Regs
00005360     14d (00005340)     _HRCap6Regs

00005380     14e (00005380)     _ECap7Regs
000053a0     14e (00005380)     _HRCap7Regs

00005b00     16c (00005b00)     _Pga1Regs
00005b10     16c (00005b00)     _Pga2Regs
00005b20     16c (00005b00)     _Pga3Regs
00005b30     16c (00005b00)     _Pga4Regs

00005b40     16d (00005b40)     _Pga5Regs
00005b50     16d (00005b40)     _Pga6Regs
00005b60     16d (00005b40)     _Pga7Regs

00005c00     170 (00005c00)     _DacaRegs
00005c10     170 (00005c00)     _DacbRegs

00005c80     172 (00005c80)     _Cmpss1Regs
00005ca0     172 (00005c80)     _Cmpss2Regs

00005cc0     173 (00005cc0)     _Cmpss3Regs
00005ce0     173 (00005cc0)     _Cmpss4Regs

00005d00     174 (00005d00)     _Cmpss5Regs
00005d20     174 (00005d00)     _Cmpss6Regs

00005d40     175 (00005d40)     _Cmpss7Regs

00005e00     178 (00005e00)     _Sdfm1Regs

00006100     184 (00006100)     _SpiaRegs
00006110     184 (00006100)     _SpibRegs

000061c0     187 (000061c0)     _ClaPromCrc0Regs

00006400     190 (00006400)     _PmbusaRegs

00006600     198 (00006600)     _FsiTxaRegs

00006680     19a (00006680)     _FsiRxaRegs

00006a00     1a8 (00006a00)     _LinaRegs

00007000     1c0 (00007000)     _WdRegs

00007060     1c1 (00007040)     _NmiIntruptRegs
00007070     1c1 (00007040)     _XintRegs

00007200     1c8 (00007200)     _SciaRegs
00007210     1c8 (00007200)     _ScibRegs

00007300     1cc (00007300)     _I2caRegs

00007400     1d0 (00007400)     _AdcaRegs

00007480     1d2 (00007480)     _AdcbRegs

00007500     1d4 (00007500)     _AdccRegs

00007900     1e4 (00007900)     _InputXbarRegs
00007920     1e4 (00007900)     _XbarRegs

00007940     1e5 (00007940)     _SyncSocRegs

00007980     1e6 (00007980)     _DmaClaSrcSelRegs

00007a00     1e8 (00007a00)     _EPwmXbarRegs

00007a40     1e9 (00007a40)     _CLBXbarRegs

00007a80     1ea (00007a80)     _OutputXbarRegs

00007c00     1f0 (00007c00)     _GpioCtrlRegs

00007f00     1fc (00007f00)     _GpioDataRegs

0000c000     300 (0000c000)     _MW_adcBInitFlag
0000c001     300 (0000c000)     _MW_adcCInitFlag
0000c002     300 (0000c000)     _MW_adcAInitFlag
0000c008     300 (0000c000)     _genpath_firmware_B

0000c040     301 (0000c040)     _genpath_firmware_DW
0000c066     301 (0000c040)     _CpuTimer0
0000c06e     301 (0000c040)     _CpuTimer1
0000c076     301 (0000c040)     _CpuTimer2
0000c07e     301 (0000c040)     __lock

0000c080     302 (0000c080)     _genpath_firmware_P

0000c0dc     303 (0000c0c0)     _rtInf
0000c0de     303 (0000c0c0)     _rtMinusInf
0000c0e0     303 (0000c0c0)     _rtNaN
0000c0e2     303 (0000c0c0)     _rtInfF
0000c0e4     303 (0000c0c0)     _rtMinusInfF
0000c0e6     303 (0000c0c0)     _rtNaNF
0000c0e8     303 (0000c0c0)     ___TI_enable_exit_profile_output
0000c0ea     303 (0000c0c0)     ___TI_cleanup_ptr
0000c0ec     303 (0000c0c0)     ___TI_dtors_ptr
0000c0ee     303 (0000c0c0)     _IsrOverrun
0000c0ef     303 (0000c0c0)     _stopRequested
0000c0f0     303 (0000c0c0)     _runModel
0000c0f1     303 (0000c0c0)     _GPIO_oneTimeInit
0000c0f2     303 (0000c0c0)     __unlock
0000c0f4     303 (0000c0c0)     _isRateRunning
0000c0f6     303 (0000c0c0)     _need2runFlags
0000c0f8     303 (0000c0c0)     _MW_InterruptDisableLock
0000c0fa     303 (0000c0c0)     _checkSCITransmitInprogress

00048000    1200 (00048000)     _CanaRegs

0004a000    1280 (0004a000)     _CanbRegs

0005d000    1740 (0005d000)     _DevCfgRegs

0005d200    1748 (0005d200)     _ClkCfgRegs

0005d300    174c (0005d300)     _CpuSysRegs

0005d500    1754 (0005d500)     _SysPeriphAcRegs

0005d700    175c (0005d700)     _AnalogSubsysRegs

0005e700    179c (0005e700)     _Dcc0Regs

0005e800    17a0 (0005e800)     _EradGlobalRegs

0005e900    17a4 (0005e900)     _EradHWBP1Regs
0005e908    17a4 (0005e900)     _EradHWBP2Regs
0005e910    17a4 (0005e900)     _EradHWBP3Regs
0005e918    17a4 (0005e900)     _EradHWBP4Regs
0005e920    17a4 (0005e900)     _EradHWBP5Regs
0005e928    17a4 (0005e900)     _EradHWBP6Regs
0005e930    17a4 (0005e900)     _EradHWBP7Regs
0005e938    17a4 (0005e900)     _EradHWBP8Regs

0005e980    17a6 (0005e980)     _EradCounter1Regs
0005e990    17a6 (0005e980)     _EradCounter2Regs
0005e9a0    17a6 (0005e980)     _EradCounter3Regs
0005e9b0    17a6 (0005e980)     _EradCounter4Regs

0005f000    17c0 (0005f000)     _DcsmBank0Z1Regs

0005f040    17c1 (0005f040)     _DcsmBank0Z2Regs
0005f070    17c1 (0005f040)     _DcsmCommonRegs

0005f100    17c4 (0005f100)     _DcsmBank1Z1Regs

0005f140    17c5 (0005f140)     _DcsmBank1Z2Regs

0005f400    17d0 (0005f400)     _MemCfgRegs

0005f4c0    17d3 (0005f4c0)     _AccessProtectionRegs

0005f500    17d4 (0005f500)     _MemoryErrorRegs

0005f800    17e0 (0005f800)     _Flash0CtrlRegs

0005fb00    17ec (0005fb00)     _Flash0EccRegs

000821e0    2087 (000821c0)     _PieVectTableInit

000823aa    208e (00082380)     _genpath_firmware_M
000823b0    208e (00082380)     _genpath_firmware_ConstB


GLOBAL SYMBOLS: SORTED ALPHABETICALLY BY Name 

page  address   name                                      
----  -------   ----                                      
abs   ffffffff  .text                                     
0     000820c0  C$$EXIT                                   
0     00082096  FD$$CMP                                   
0     00081bc7  FS$$DIV                                   
0     0008215b  LL$$CMP                                   
0     0008216d  ULL$$CMP                                  
0     00081d4b  _ADCA1_INT_isr                            
0     00080a90  _ADCA1_ISR                                
0     00080cb6  _ADCA2_ISR                                
0     00080cc0  _ADCA3_ISR                                
0     00080cca  _ADCA4_ISR                                
0     00080cac  _ADCA_EVT_ISR                             
0     00080a9a  _ADCB1_ISR                                
0     00080cde  _ADCB2_ISR                                
0     00080ce8  _ADCB3_ISR                                
0     00080cf2  _ADCB4_ISR                                
0     00080cd4  _ADCB_EVT_ISR                             
0     00080aa4  _ADCC1_ISR                                
0     00080e0a  _ADCC2_ISR                                
0     00080e14  _ADCC3_ISR                                
0     00080e1e  _ADCC4_ISR                                
0     00080e00  _ADCC_EVT_ISR                             
1     0005f4c0  _AccessProtectionRegs                     
1     00007400  _AdcaRegs                                 
1     00000b00  _AdcaResultRegs                           
1     00007480  _AdcbRegs                                 
1     00000b20  _AdcbResultRegs                           
1     00007500  _AdccRegs                                 
1     00000b40  _AdccResultRegs                           
1     0005d700  _AnalogSubsysRegs                         
0     00080c84  _CANA0_ISR                                
0     00080c8e  _CANA1_ISR                                
0     00080c98  _CANB0_ISR                                
0     00080ca2  _CANB1_ISR                                
0     00080dd8  _CLA1PROMCRC_ISR                          
0     00080cfc  _CLA1_1_ISR                               
0     00080d06  _CLA1_2_ISR                               
0     00080d10  _CLA1_3_ISR                               
0     00080d1a  _CLA1_4_ISR                               
0     00080d24  _CLA1_5_ISR                               
0     00080d2e  _CLA1_6_ISR                               
0     00080d38  _CLA1_7_ISR                               
0     00080d42  _CLA1_8_ISR                               
0     00080e50  _CLA_OVERFLOW_ISR                         
0     00080e5a  _CLA_UNDERFLOW_ISR                        
1     00007a40  _CLBXbarRegs                              
1     00048000  _CanaRegs                                 
1     0004a000  _CanbRegs                                 
1     00001400  _Cla1Regs                                 
0     0000a000  _Cla1funcsLoadEnd                         
1     000061c0  _ClaPromCrc0Regs                          
1     00003200  _Clb1DataExchRegs                         
1     00003000  _Clb1LogicCfgRegs                         
1     00003100  _Clb1LogicCtrlRegs                        
1     00003600  _Clb2DataExchRegs                         
1     00003400  _Clb2LogicCfgRegs                         
1     00003500  _Clb2LogicCtrlRegs                        
1     00003a00  _Clb3DataExchRegs                         
1     00003800  _Clb3LogicCfgRegs                         
1     00003900  _Clb3LogicCtrlRegs                        
1     00003e00  _Clb4DataExchRegs                         
1     00003c00  _Clb4LogicCfgRegs                         
1     00003d00  _Clb4LogicCtrlRegs                        
1     0005d200  _ClkCfgRegs                               
1     00005c80  _Cmpss1Regs                               
1     00005ca0  _Cmpss2Regs                               
1     00005cc0  _Cmpss3Regs                               
1     00005ce0  _Cmpss4Regs                               
1     00005d00  _Cmpss5Regs                               
1     00005d20  _Cmpss6Regs                               
1     00005d40  _Cmpss7Regs                               
0     00081d11  _ConfigCpuTimer                           
1     0005d300  _CpuSysRegs                               
1     0000c066  _CpuTimer0                                
1     00000c00  _CpuTimer0Regs                            
1     0000c06e  _CpuTimer1                                
1     00000c08  _CpuTimer1Regs                            
1     0000c076  _CpuTimer2                                
1     00000c10  _CpuTimer2Regs                            
0     00081013  _CsmUnlock                                
0     000809e6  _DATALOG_ISR                              
0     00080c0c  _DMA_CH1_ISR                              
0     00080c16  _DMA_CH2_ISR                              
0     00080c20  _DMA_CH3_ISR                              
0     00080c2a  _DMA_CH4_ISR                              
0     00080c34  _DMA_CH5_ISR                              
0     00080c3e  _DMA_CH6_ISR                              
1     00005c00  _DacaRegs                                 
1     00005c10  _DacbRegs                                 
1     0005e700  _Dcc0Regs                                 
1     0005f000  _DcsmBank0Z1Regs                          
1     0005f040  _DcsmBank0Z2Regs                          
1     0005f100  _DcsmBank1Z1Regs                          
1     0005f140  _DcsmBank1Z2Regs                          
1     0005f070  _DcsmCommonRegs                           
1     0005d000  _DevCfgRegs                               
0     00080f33  _DisableDog                               
0     00080f0b  _DisablePeripheralClocks                  
1     00007980  _DmaClaSrcSelRegs                         
1     00001000  _DmaRegs                                  
0     00080b76  _ECAP1_ISR                                
0     00080b80  _ECAP2_ISR                                
0     00080b8a  _ECAP3_ISR                                
0     00080b94  _ECAP4_ISR                                
0     00080b9e  _ECAP5_ISR                                
0     00080bbc  _ECAP6_2_ISR                              
0     00080ba8  _ECAP6_ISR                                
0     00080bc6  _ECAP7_2_ISR                              
0     00080bb2  _ECAP7_ISR                                
1     00005200  _ECap1Regs                                
1     00005240  _ECap2Regs                                
1     00005280  _ECap3Regs                                
1     000052c0  _ECap4Regs                                
1     00005300  _ECap5Regs                                
1     00005340  _ECap6Regs                                
1     00005380  _ECap7Regs                                
0     00080e6e  _EMPTY_ISR                                
0     000809fa  _EMU_ISR                                  
0     00080b26  _EPWM1_ISR                                
0     00080ad6  _EPWM1_TZ_ISR                             
0     00080b30  _EPWM2_ISR                                
0     00080ae0  _EPWM2_TZ_ISR                             
0     00080b3a  _EPWM3_ISR                                
0     00080aea  _EPWM3_TZ_ISR                             
0     00080b44  _EPWM4_ISR                                
0     00080af4  _EPWM4_TZ_ISR                             
0     00080b4e  _EPWM5_ISR                                
0     00080afe  _EPWM5_TZ_ISR                             
0     00080b58  _EPWM6_ISR                                
0     00080b08  _EPWM6_TZ_ISR                             
0     00080b62  _EPWM7_ISR                                
0     00080b12  _EPWM7_TZ_ISR                             
0     00080b6c  _EPWM8_ISR                                
0     00080b1c  _EPWM8_TZ_ISR                             
1     00004000  _EPwm1Regs                                
1     00004100  _EPwm2Regs                                
1     00004200  _EPwm3Regs                                
1     00004300  _EPwm4Regs                                
1     00004400  _EPwm5Regs                                
1     00004500  _EPwm6Regs                                
1     00004600  _EPwm7Regs                                
1     00004700  _EPwm8Regs                                
1     00007a00  _EPwmXbarRegs                             
0     00080bd0  _EQEP1_ISR                                
0     00080bda  _EQEP2_ISR                                
1     00005100  _EQep1Regs                                
1     00005140  _EQep2Regs                                
0     00082108  _EnableInterrupts                         
1     0005e980  _EradCounter1Regs                         
1     0005e990  _EradCounter2Regs                         
1     0005e9a0  _EradCounter3Regs                         
1     0005e9b0  _EradCounter4Regs                         
1     0005e800  _EradGlobalRegs                           
1     0005e900  _EradHWBP1Regs                            
1     0005e908  _EradHWBP2Regs                            
1     0005e910  _EradHWBP3Regs                            
1     0005e918  _EradHWBP4Regs                            
1     0005e920  _EradHWBP5Regs                            
1     0005e928  _EradHWBP6Regs                            
1     0005e930  _EradHWBP7Regs                            
1     0005e938  _EradHWBP8Regs                            
0     0000a048  _F28x_usDelay                             
0     00080e32  _FLASH_CORRECTABLE_ERROR_ISR              
0     00080d6a  _FPU_OVERFLOW_ISR                         
0     00080d74  _FPU_UNDERFLOW_ISR                        
0     00080dc4  _FSIRXA1_ISR                              
0     00080dce  _FSIRXA2_ISR                              
0     00080db0  _FSITXA1_ISR                              
0     00080dba  _FSITXA2_ISR                              
1     0005f800  _Flash0CtrlRegs                           
1     0005fb00  _Flash0EccRegs                            
0     0000a03c  _FlashOff                                 
1     00006680  _FsiRxaRegs                               
1     00006600  _FsiTxaRegs                               
0     00081327  _GPIO_ReadPin                             
0     000812cc  _GPIO_SetupLock                           
0     000811ac  _GPIO_SetupPinMux                         
0     00081238  _GPIO_SetupPinOptions                     
0     000812f5  _GPIO_SetupXINT1Gpio                      
0     000812ff  _GPIO_SetupXINT2Gpio                      
0     00081309  _GPIO_SetupXINT3Gpio                      
0     00081313  _GPIO_SetupXINT4Gpio                      
0     0008131d  _GPIO_SetupXINT5Gpio                      
0     0008201b  _GPIO_TogglePin                           
0     0008133e  _GPIO_WritePin                            
1     0000c0f1  _GPIO_oneTimeInit                         
1     00007c00  _GpioCtrlRegs                             
1     00007f00  _GpioDataRegs                             
0     000810ae  _HALT                                     
1     00005360  _HRCap6Regs                               
1     000053a0  _HRCap7Regs                               
0     00080c52  _I2CA_FIFO_ISR                            
0     00080c48  _I2CA_ISR                                 
1     00007300  _I2caRegs                                 
0     000810a5  _IDLE                                     
0     00080a0e  _ILLEGAL_ISR                              
0     0008197c  _InitAdcA                                 
0     00081998  _InitAdcB                                 
0     000819b4  _InitAdcC                                 
0     00081cd0  _InitCpuTimers                            
0     0000a000  _InitFlash                                
0     0008116e  _InitGpio                                 
0     00080e93  _InitPeripheralClocks                     
0     000820e9  _InitPieCtrl                              
0     00082111  _InitPieVectTable                         
0     00080e85  _InitSysCtrl                              
0     00080f41  _InitSysPll                               
1     00007900  _InputXbarRegs                            
0     000810bf  _IsPLLValid                               
1     0000c0ee  _IsrOverrun                               
0     00080de2  _LINA_0_ISR                               
0     00080dec  _LINA_1_ISR                               
1     00006a00  _LinaRegs                                 
0     0008142c  _MW_InitSysPll                            
1     0000c0f8  _MW_InterruptDisableLock                  
0     00081373  _MW_IsPLLValid                            
abs   00000000  _MW_RamfuncsLoadSize                      
0     0000a000  _MW_RamfuncsLoadStart                     
0     0000a000  _MW_RamfuncsRunStart                      
1     0000c002  _MW_adcAInitFlag                          
1     0000c000  _MW_adcBInitFlag                          
1     0000c001  _MW_adcCInitFlag                          
1     0005f400  _MemCfgRegs                               
1     0005f500  _MemoryErrorRegs                          
0     00080a04  _NMI_ISR                                  
0     00080e7b  _NOTUSED_ISR                              
1     00007060  _NmiIntruptRegs                           
0     00082010  _OneTimeGpioInit                          
1     00007a80  _OutputXbarRegs                           
0     00080e64  _PIE_RESERVED_ISR                         
0     00080df6  _PMBUSA_ISR                               
1     00005b00  _Pga1Regs                                 
1     00005b10  _Pga2Regs                                 
1     00005b20  _Pga3Regs                                 
1     00005b30  _Pga4Regs                                 
1     00005b40  _Pga5Regs                                 
1     00005b50  _Pga6Regs                                 
1     00005b60  _Pga7Regs                                 
1     00000ce0  _PieCtrlRegs                              
1     00000d00  _PieVectTable                             
0     000821e0  _PieVectTableInit                         
1     00006400  _PmbusaRegs                               
0     00080e3c  _RAM_ACCESS_VIOLATION_ISR                 
0     00080e28  _RAM_CORRECTABLE_ERROR_ISR                
0     000809f0  _RTOS_ISR                                 
0     00080054  _RamfuncsLoadEnd                          
abs   00000050  _RamfuncsLoadSize                         
0     00080004  _RamfuncsLoadStart                        
0     0000a050  _RamfuncsRunEnd                           
abs   00000050  _RamfuncsRunSize                          
0     0000a000  _RamfuncsRunStart                         
0     00081d82  _SCIA_RX_INT_isr                          
0     00080c5c  _SCIA_RX_ISR                              
0     00080c66  _SCIA_TX_ISR                              
0     00080c70  _SCIB_RX_ISR                              
0     00080c7a  _SCIB_TX_ISR                              
0     00080d88  _SD1DR1_ISR                               
0     00080d92  _SD1DR2_ISR                               
0     00080d9c  _SD1DR3_ISR                               
0     00080da6  _SD1DR4_ISR                               
0     00080d7e  _SD1_ISR                                  
0     00080be4  _SPIA_RX_ISR                              
0     00080bee  _SPIA_TX_ISR                              
0     00080bf8  _SPIB_RX_ISR                              
0     00080c02  _SPIB_TX_ISR                              
0     00080e46  _SYS_PLL_SLIP_ISR                         
1     00007200  _SciaRegs                                 
1     00007210  _ScibRegs                                 
1     00005e00  _Sdfm1Regs                                
0     00080f25  _ServiceDog                               
0     00081db9  _SetVREF                                  
0     00082032  _Set_GPIOPin                              
1     00006100  _SpiaRegs                                 
1     00006110  _SpibRegs                                 
1     00007940  _SyncSocRegs                              
0     0000a04c  _SysCtl_delay                             
0     00081034  _SysIntOsc1Sel                            
0     00081040  _SysIntOsc2Sel                            
1     0005d500  _SysPeriphAcRegs                          
0     0008108f  _SysXtalOscSESel                          
0     0008106c  _SysXtalOscSel                            
0     00080ac2  _TIMER0_ISR                               
0     000809d2  _TIMER1_ISR                               
0     000809dc  _TIMER2_ISR                               
0     00081f82  _TINT0_isr                                
0     00080a72  _USER10_ISR                               
0     00080a7c  _USER11_ISR                               
0     00080a86  _USER12_ISR                               
0     00080a18  _USER1_ISR                                
0     00080a22  _USER2_ISR                                
0     00080a2c  _USER3_ISR                                
0     00080a36  _USER4_ISR                                
0     00080a40  _USER5_ISR                                
0     00080a4a  _USER6_ISR                                
0     00080a54  _USER7_ISR                                
0     00080a5e  _USER8_ISR                                
0     00080a68  _USER9_ISR                                
0     00080acc  _WAKE_ISR                                 
1     00007000  _WdRegs                                   
0     00080aae  _XINT1_ISR                                
0     00080ab8  _XINT2_ISR                                
0     00080d4c  _XINT3_ISR                                
0     00080d56  _XINT4_ISR                                
0     00080d60  _XINT5_ISR                                
1     00007920  _XbarRegs                                 
1     00007070  _XintRegs                                 
1     00000800  __STACK_END                               
abs   00000400  __STACK_SIZE                              
1     0000c0ea  ___TI_cleanup_ptr                         
1     0000c0ec  ___TI_dtors_ptr                           
1     0000c0e8  ___TI_enable_exit_profile_output          
abs   ffffffff  ___TI_pprof_out_hndl                      
abs   ffffffff  ___TI_prof_data_size                      
abs   ffffffff  ___TI_prof_data_start                     
abs   ffffffff  ___binit__                                
abs   ffffffff  ___c_args__                               
0     000823b4  ___cinit__                                
abs   ffffffff  ___etext__                                
abs   ffffffff  ___pinit__                                
abs   ffffffff  ___text__                                 
0     000821a8  __args_main                               
1     0000c07e  __lock                                    
0     000821d3  __nop                                     
0     000821cf  __register_lock                           
0     000821cb  __register_unlock                         
1     00000400  __stack                                   
0     000821de  __system_post_cinit                       
0     000821dc  __system_pre_init                         
1     0000c0f2  __unlock                                  
0     000820c0  _abort                                    
0     00081686  _byteswap_L8cmp                           
0     0008135c  _c2000_flash_init                         
0     00081ede  _c_int00                                  
1     0000c0fa  _checkSCITransmitInprogress               
0     000818f9  _config_ADCA_SOC5                         
0     0008188d  _config_ADCA_SOC6                         
0     0008191b  _config_ADCB_SOC0                         
0     0008193b  _config_ADCC_SOC1                         
0     0008195b  _config_ADCC_SOC2                         
0     000818b5  _config_ADCC_SOC3                         
0     000818d7  _config_ADCC_SOC4                         
0     00082040  _config_ePWM_GPIO                         
0     00081f34  _configureTimer0                          
0     00082137  _copy_in                                  
0     00081f61  _disableTimer0Interrupt                   
0     00081c4f  _disableWatchdog                          
0     00081f59  _enableTimer0Interrupt                    
0     00081c5a  _enable_interrupts                        
0     000821a4  _executeOverrunService                    
0     000820c2  _exit                                     
0     00081e85  _floor                                    
0     00081e85  _floorf                                   
0     0008182c  _fmax                                     
0     0008182c  _fmaxf                                    
0     0008178f  _fmaxl                                    
0     00081756  _fmin                                     
0     00081756  _fminf                                    
0     000816b9  _fminl                                    
0     000819d0  _fmod                                     
0     000819d0  _fmodf                                    
0     0008072d  _genpath_f_IfActionSubsystem              
0     00080724  _genpath_firmw_UpperAlwaysOn              
1     0000c008  _genpath_firmware_B                       
0     000823b0  _genpath_firmware_ConstB                  
1     0000c040  _genpath_firmware_DW                      
0     000823aa  _genpath_firmware_M                       
1     0000c080  _genpath_firmware_P                       
0     0008070a  _genpath_firmware_SetEventsForThisBaseStep
0     0008074d  _genpath_firmware_initialize              
0     00080736  _genpath_firmware_step0                   
0     00080739  _genpath_firmware_step1                   
0     000809d1  _genpath_firmware_terminate               
0     000821c2  _globalInterruptDisable                   
0     000821ba  _globalInterruptEnable                    
0     00081c78  _init_SCI                                 
0     00081cb6  _init_SCI_GPIO                            
0     00081e21  _init_board                               
0     00082196  _initializeOverrunService                 
1     0000c0f4  _isRateRunning                            
0     00080054  _isr_int1pie1_task_fcn                    
0     00080657  _isr_int9pie1_task_fcn                    
0     00081ae8  _main                                     
0     00082179  _memcpy                                   
1     0000c0f6  _need2runFlags                            
0     00081f77  _restoreTimer0Interrupt                   
0     00081fcc  _rtGetInf                                 
0     00081fe5  _rtGetInfF                                
0     00081fee  _rtGetMinusInf                            
0     00082007  _rtGetMinusInfF                           
0     0008206c  _rtGetNaN                                 
0     00082085  _rtGetNaNF                                
1     0000c0dc  _rtInf                                    
1     0000c0e2  _rtInfF                                   
0     00081b5d  _rtIsInf                                  
0     00081b75  _rtIsInfF                                 
0     00081b8d  _rtIsNaN                                  
0     00081bb0  _rtIsNaNF                                 
1     0000c0de  _rtMinusInf                               
1     0000c0e4  _rtMinusInfF                              
1     0000c0e0  _rtNaN                                    
1     0000c0e6  _rtNaNF                                   
0     00081b35  _rt_InitInfAndNaN                         
0     00081a9f  _rt_OneStep                               
1     0000c0f0  _runModel                                 
0     00081552  _scia_rcv                                 
0     000815d1  _scia_rcv_varsize                         
0     0008150b  _scia_xmit                                
1     0000c0ef  _stopRequested                            
abs   ffffffff  binit                                     
0     000823b4  cinit                                     
0     00080000  code_start                                
abs   ffffffff  etext                                     
abs   ffffffff  pinit                                     


GLOBAL SYMBOLS: SORTED BY Symbol Address 

page  address   name                                      
----  -------   ----                                      
0     0000a000  _Cla1funcsLoadEnd                         
0     0000a000  _InitFlash                                
0     0000a000  _MW_RamfuncsLoadStart                     
0     0000a000  _MW_RamfuncsRunStart                      
0     0000a000  _RamfuncsRunStart                         
0     0000a03c  _FlashOff                                 
0     0000a048  _F28x_usDelay                             
0     0000a04c  _SysCtl_delay                             
0     0000a050  _RamfuncsRunEnd                           
0     00080000  code_start                                
0     00080004  _RamfuncsLoadStart                        
0     00080054  _RamfuncsLoadEnd                          
0     00080054  _isr_int1pie1_task_fcn                    
0     00080657  _isr_int9pie1_task_fcn                    
0     0008070a  _genpath_firmware_SetEventsForThisBaseStep
0     00080724  _genpath_firmw_UpperAlwaysOn              
0     0008072d  _genpath_f_IfActionSubsystem              
0     00080736  _genpath_firmware_step0                   
0     00080739  _genpath_firmware_step1                   
0     0008074d  _genpath_firmware_initialize              
0     000809d1  _genpath_firmware_terminate               
0     000809d2  _TIMER1_ISR                               
0     000809dc  _TIMER2_ISR                               
0     000809e6  _DATALOG_ISR                              
0     000809f0  _RTOS_ISR                                 
0     000809fa  _EMU_ISR                                  
0     00080a04  _NMI_ISR                                  
0     00080a0e  _ILLEGAL_ISR                              
0     00080a18  _USER1_ISR                                
0     00080a22  _USER2_ISR                                
0     00080a2c  _USER3_ISR                                
0     00080a36  _USER4_ISR                                
0     00080a40  _USER5_ISR                                
0     00080a4a  _USER6_ISR                                
0     00080a54  _USER7_ISR                                
0     00080a5e  _USER8_ISR                                
0     00080a68  _USER9_ISR                                
0     00080a72  _USER10_ISR                               
0     00080a7c  _USER11_ISR                               
0     00080a86  _USER12_ISR                               
0     00080a90  _ADCA1_ISR                                
0     00080a9a  _ADCB1_ISR                                
0     00080aa4  _ADCC1_ISR                                
0     00080aae  _XINT1_ISR                                
0     00080ab8  _XINT2_ISR                                
0     00080ac2  _TIMER0_ISR                               
0     00080acc  _WAKE_ISR                                 
0     00080ad6  _EPWM1_TZ_ISR                             
0     00080ae0  _EPWM2_TZ_ISR                             
0     00080aea  _EPWM3_TZ_ISR                             
0     00080af4  _EPWM4_TZ_ISR                             
0     00080afe  _EPWM5_TZ_ISR                             
0     00080b08  _EPWM6_TZ_ISR                             
0     00080b12  _EPWM7_TZ_ISR                             
0     00080b1c  _EPWM8_TZ_ISR                             
0     00080b26  _EPWM1_ISR                                
0     00080b30  _EPWM2_ISR                                
0     00080b3a  _EPWM3_ISR                                
0     00080b44  _EPWM4_ISR                                
0     00080b4e  _EPWM5_ISR                                
0     00080b58  _EPWM6_ISR                                
0     00080b62  _EPWM7_ISR                                
0     00080b6c  _EPWM8_ISR                                
0     00080b76  _ECAP1_ISR                                
0     00080b80  _ECAP2_ISR                                
0     00080b8a  _ECAP3_ISR                                
0     00080b94  _ECAP4_ISR                                
0     00080b9e  _ECAP5_ISR                                
0     00080ba8  _ECAP6_ISR                                
0     00080bb2  _ECAP7_ISR                                
0     00080bbc  _ECAP6_2_ISR                              
0     00080bc6  _ECAP7_2_ISR                              
0     00080bd0  _EQEP1_ISR                                
0     00080bda  _EQEP2_ISR                                
0     00080be4  _SPIA_RX_ISR                              
0     00080bee  _SPIA_TX_ISR                              
0     00080bf8  _SPIB_RX_ISR                              
0     00080c02  _SPIB_TX_ISR                              
0     00080c0c  _DMA_CH1_ISR                              
0     00080c16  _DMA_CH2_ISR                              
0     00080c20  _DMA_CH3_ISR                              
0     00080c2a  _DMA_CH4_ISR                              
0     00080c34  _DMA_CH5_ISR                              
0     00080c3e  _DMA_CH6_ISR                              
0     00080c48  _I2CA_ISR                                 
0     00080c52  _I2CA_FIFO_ISR                            
0     00080c5c  _SCIA_RX_ISR                              
0     00080c66  _SCIA_TX_ISR                              
0     00080c70  _SCIB_RX_ISR                              
0     00080c7a  _SCIB_TX_ISR                              
0     00080c84  _CANA0_ISR                                
0     00080c8e  _CANA1_ISR                                
0     00080c98  _CANB0_ISR                                
0     00080ca2  _CANB1_ISR                                
0     00080cac  _ADCA_EVT_ISR                             
0     00080cb6  _ADCA2_ISR                                
0     00080cc0  _ADCA3_ISR                                
0     00080cca  _ADCA4_ISR                                
0     00080cd4  _ADCB_EVT_ISR                             
0     00080cde  _ADCB2_ISR                                
0     00080ce8  _ADCB3_ISR                                
0     00080cf2  _ADCB4_ISR                                
0     00080cfc  _CLA1_1_ISR                               
0     00080d06  _CLA1_2_ISR                               
0     00080d10  _CLA1_3_ISR                               
0     00080d1a  _CLA1_4_ISR                               
0     00080d24  _CLA1_5_ISR                               
0     00080d2e  _CLA1_6_ISR                               
0     00080d38  _CLA1_7_ISR                               
0     00080d42  _CLA1_8_ISR                               
0     00080d4c  _XINT3_ISR                                
0     00080d56  _XINT4_ISR                                
0     00080d60  _XINT5_ISR                                
0     00080d6a  _FPU_OVERFLOW_ISR                         
0     00080d74  _FPU_UNDERFLOW_ISR                        
0     00080d7e  _SD1_ISR                                  
0     00080d88  _SD1DR1_ISR                               
0     00080d92  _SD1DR2_ISR                               
0     00080d9c  _SD1DR3_ISR                               
0     00080da6  _SD1DR4_ISR                               
0     00080db0  _FSITXA1_ISR                              
0     00080dba  _FSITXA2_ISR                              
0     00080dc4  _FSIRXA1_ISR                              
0     00080dce  _FSIRXA2_ISR                              
0     00080dd8  _CLA1PROMCRC_ISR                          
0     00080de2  _LINA_0_ISR                               
0     00080dec  _LINA_1_ISR                               
0     00080df6  _PMBUSA_ISR                               
0     00080e00  _ADCC_EVT_ISR                             
0     00080e0a  _ADCC2_ISR                                
0     00080e14  _ADCC3_ISR                                
0     00080e1e  _ADCC4_ISR                                
0     00080e28  _RAM_CORRECTABLE_ERROR_ISR                
0     00080e32  _FLASH_CORRECTABLE_ERROR_ISR              
0     00080e3c  _RAM_ACCESS_VIOLATION_ISR                 
0     00080e46  _SYS_PLL_SLIP_ISR                         
0     00080e50  _CLA_OVERFLOW_ISR                         
0     00080e5a  _CLA_UNDERFLOW_ISR                        
0     00080e64  _PIE_RESERVED_ISR                         
0     00080e6e  _EMPTY_ISR                                
0     00080e7b  _NOTUSED_ISR                              
0     00080e85  _InitSysCtrl                              
0     00080e93  _InitPeripheralClocks                     
0     00080f0b  _DisablePeripheralClocks                  
0     00080f25  _ServiceDog                               
0     00080f33  _DisableDog                               
0     00080f41  _InitSysPll                               
0     00081013  _CsmUnlock                                
0     00081034  _SysIntOsc1Sel                            
0     00081040  _SysIntOsc2Sel                            
0     0008106c  _SysXtalOscSel                            
0     0008108f  _SysXtalOscSESel                          
0     000810a5  _IDLE                                     
0     000810ae  _HALT                                     
0     000810bf  _IsPLLValid                               
0     0008116e  _InitGpio                                 
0     000811ac  _GPIO_SetupPinMux                         
0     00081238  _GPIO_SetupPinOptions                     
0     000812cc  _GPIO_SetupLock                           
0     000812f5  _GPIO_SetupXINT1Gpio                      
0     000812ff  _GPIO_SetupXINT2Gpio                      
0     00081309  _GPIO_SetupXINT3Gpio                      
0     00081313  _GPIO_SetupXINT4Gpio                      
0     0008131d  _GPIO_SetupXINT5Gpio                      
0     00081327  _GPIO_ReadPin                             
0     0008133e  _GPIO_WritePin                            
0     0008135c  _c2000_flash_init                         
0     00081373  _MW_IsPLLValid                            
0     0008142c  _MW_InitSysPll                            
0     0008150b  _scia_xmit                                
0     00081552  _scia_rcv                                 
0     000815d1  _scia_rcv_varsize                         
0     00081686  _byteswap_L8cmp                           
0     000816b9  _fminl                                    
0     00081756  _fmin                                     
0     00081756  _fminf                                    
0     0008178f  _fmaxl                                    
0     0008182c  _fmax                                     
0     0008182c  _fmaxf                                    
0     0008188d  _config_ADCA_SOC6                         
0     000818b5  _config_ADCC_SOC3                         
0     000818d7  _config_ADCC_SOC4                         
0     000818f9  _config_ADCA_SOC5                         
0     0008191b  _config_ADCB_SOC0                         
0     0008193b  _config_ADCC_SOC1                         
0     0008195b  _config_ADCC_SOC2                         
0     0008197c  _InitAdcA                                 
0     00081998  _InitAdcB                                 
0     000819b4  _InitAdcC                                 
0     000819d0  _fmod                                     
0     000819d0  _fmodf                                    
0     00081a9f  _rt_OneStep                               
0     00081ae8  _main                                     
0     00081b35  _rt_InitInfAndNaN                         
0     00081b5d  _rtIsInf                                  
0     00081b75  _rtIsInfF                                 
0     00081b8d  _rtIsNaN                                  
0     00081bb0  _rtIsNaNF                                 
0     00081bc7  FS$$DIV                                   
0     00081c4f  _disableWatchdog                          
0     00081c5a  _enable_interrupts                        
0     00081c78  _init_SCI                                 
0     00081cb6  _init_SCI_GPIO                            
0     00081cd0  _InitCpuTimers                            
0     00081d11  _ConfigCpuTimer                           
0     00081d4b  _ADCA1_INT_isr                            
0     00081d82  _SCIA_RX_INT_isr                          
0     00081db9  _SetVREF                                  
0     00081e21  _init_board                               
0     00081e85  _floor                                    
0     00081e85  _floorf                                   
0     00081ede  _c_int00                                  
0     00081f34  _configureTimer0                          
0     00081f59  _enableTimer0Interrupt                    
0     00081f61  _disableTimer0Interrupt                   
0     00081f77  _restoreTimer0Interrupt                   
0     00081f82  _TINT0_isr                                
0     00081fcc  _rtGetInf                                 
0     00081fe5  _rtGetInfF                                
0     00081fee  _rtGetMinusInf                            
0     00082007  _rtGetMinusInfF                           
0     00082010  _OneTimeGpioInit                          
0     0008201b  _GPIO_TogglePin                           
0     00082032  _Set_GPIOPin                              
0     00082040  _config_ePWM_GPIO                         
0     0008206c  _rtGetNaN                                 
0     00082085  _rtGetNaNF                                
0     00082096  FD$$CMP                                   
0     000820c0  C$$EXIT                                   
0     000820c0  _abort                                    
0     000820c2  _exit                                     
0     000820e9  _InitPieCtrl                              
0     00082108  _EnableInterrupts                         
0     00082111  _InitPieVectTable                         
0     00082137  _copy_in                                  
0     0008215b  LL$$CMP                                   
0     0008216d  ULL$$CMP                                  
0     00082179  _memcpy                                   
0     00082196  _initializeOverrunService                 
0     000821a4  _executeOverrunService                    
0     000821a8  __args_main                               
0     000821ba  _globalInterruptEnable                    
0     000821c2  _globalInterruptDisable                   
0     000821cb  __register_unlock                         
0     000821cf  __register_lock                           
0     000821d3  __nop                                     
0     000821dc  __system_pre_init                         
0     000821de  __system_post_cinit                       
0     000821e0  _PieVectTableInit                         
0     000823aa  _genpath_firmware_M                       
0     000823b0  _genpath_firmware_ConstB                  
0     000823b4  ___cinit__                                
0     000823b4  cinit                                     
1     00000400  __stack                                   
1     00000800  __STACK_END                               
1     00000b00  _AdcaResultRegs                           
1     00000b20  _AdcbResultRegs                           
1     00000b40  _AdccResultRegs                           
1     00000c00  _CpuTimer0Regs                            
1     00000c08  _CpuTimer1Regs                            
1     00000c10  _CpuTimer2Regs                            
1     00000ce0  _PieCtrlRegs                              
1     00000d00  _PieVectTable                             
1     00001000  _DmaRegs                                  
1     00001400  _Cla1Regs                                 
1     00003000  _Clb1LogicCfgRegs                         
1     00003100  _Clb1LogicCtrlRegs                        
1     00003200  _Clb1DataExchRegs                         
1     00003400  _Clb2LogicCfgRegs                         
1     00003500  _Clb2LogicCtrlRegs                        
1     00003600  _Clb2DataExchRegs                         
1     00003800  _Clb3LogicCfgRegs                         
1     00003900  _Clb3LogicCtrlRegs                        
1     00003a00  _Clb3DataExchRegs                         
1     00003c00  _Clb4LogicCfgRegs                         
1     00003d00  _Clb4LogicCtrlRegs                        
1     00003e00  _Clb4DataExchRegs                         
1     00004000  _EPwm1Regs                                
1     00004100  _EPwm2Regs                                
1     00004200  _EPwm3Regs                                
1     00004300  _EPwm4Regs                                
1     00004400  _EPwm5Regs                                
1     00004500  _EPwm6Regs                                
1     00004600  _EPwm7Regs                                
1     00004700  _EPwm8Regs                                
1     00005100  _EQep1Regs                                
1     00005140  _EQep2Regs                                
1     00005200  _ECap1Regs                                
1     00005240  _ECap2Regs                                
1     00005280  _ECap3Regs                                
1     000052c0  _ECap4Regs                                
1     00005300  _ECap5Regs                                
1     00005340  _ECap6Regs                                
1     00005360  _HRCap6Regs                               
1     00005380  _ECap7Regs                                
1     000053a0  _HRCap7Regs                               
1     00005b00  _Pga1Regs                                 
1     00005b10  _Pga2Regs                                 
1     00005b20  _Pga3Regs                                 
1     00005b30  _Pga4Regs                                 
1     00005b40  _Pga5Regs                                 
1     00005b50  _Pga6Regs                                 
1     00005b60  _Pga7Regs                                 
1     00005c00  _DacaRegs                                 
1     00005c10  _DacbRegs                                 
1     00005c80  _Cmpss1Regs                               
1     00005ca0  _Cmpss2Regs                               
1     00005cc0  _Cmpss3Regs                               
1     00005ce0  _Cmpss4Regs                               
1     00005d00  _Cmpss5Regs                               
1     00005d20  _Cmpss6Regs                               
1     00005d40  _Cmpss7Regs                               
1     00005e00  _Sdfm1Regs                                
1     00006100  _SpiaRegs                                 
1     00006110  _SpibRegs                                 
1     000061c0  _ClaPromCrc0Regs                          
1     00006400  _PmbusaRegs                               
1     00006600  _FsiTxaRegs                               
1     00006680  _FsiRxaRegs                               
1     00006a00  _LinaRegs                                 
1     00007000  _WdRegs                                   
1     00007060  _NmiIntruptRegs                           
1     00007070  _XintRegs                                 
1     00007200  _SciaRegs                                 
1     00007210  _ScibRegs                                 
1     00007300  _I2caRegs                                 
1     00007400  _AdcaRegs                                 
1     00007480  _AdcbRegs                                 
1     00007500  _AdccRegs                                 
1     00007900  _InputXbarRegs                            
1     00007920  _XbarRegs                                 
1     00007940  _SyncSocRegs                              
1     00007980  _DmaClaSrcSelRegs                         
1     00007a00  _EPwmXbarRegs                             
1     00007a40  _CLBXbarRegs                              
1     00007a80  _OutputXbarRegs                           
1     00007c00  _GpioCtrlRegs                             
1     00007f00  _GpioDataRegs                             
1     0000c000  _MW_adcBInitFlag                          
1     0000c001  _MW_adcCInitFlag                          
1     0000c002  _MW_adcAInitFlag                          
1     0000c008  _genpath_firmware_B                       
1     0000c040  _genpath_firmware_DW                      
1     0000c066  _CpuTimer0                                
1     0000c06e  _CpuTimer1                                
1     0000c076  _CpuTimer2                                
1     0000c07e  __lock                                    
1     0000c080  _genpath_firmware_P                       
1     0000c0dc  _rtInf                                    
1     0000c0de  _rtMinusInf                               
1     0000c0e0  _rtNaN                                    
1     0000c0e2  _rtInfF                                   
1     0000c0e4  _rtMinusInfF                              
1     0000c0e6  _rtNaNF                                   
1     0000c0e8  ___TI_enable_exit_profile_output          
1     0000c0ea  ___TI_cleanup_ptr                         
1     0000c0ec  ___TI_dtors_ptr                           
1     0000c0ee  _IsrOverrun                               
1     0000c0ef  _stopRequested                            
1     0000c0f0  _runModel                                 
1     0000c0f1  _GPIO_oneTimeInit                         
1     0000c0f2  __unlock                                  
1     0000c0f4  _isRateRunning                            
1     0000c0f6  _need2runFlags                            
1     0000c0f8  _MW_InterruptDisableLock                  
1     0000c0fa  _checkSCITransmitInprogress               
1     00048000  _CanaRegs                                 
1     0004a000  _CanbRegs                                 
1     0005d000  _DevCfgRegs                               
1     0005d200  _ClkCfgRegs                               
1     0005d300  _CpuSysRegs                               
1     0005d500  _SysPeriphAcRegs                          
1     0005d700  _AnalogSubsysRegs                         
1     0005e700  _Dcc0Regs                                 
1     0005e800  _EradGlobalRegs                           
1     0005e900  _EradHWBP1Regs                            
1     0005e908  _EradHWBP2Regs                            
1     0005e910  _EradHWBP3Regs                            
1     0005e918  _EradHWBP4Regs                            
1     0005e920  _EradHWBP5Regs                            
1     0005e928  _EradHWBP6Regs                            
1     0005e930  _EradHWBP7Regs                            
1     0005e938  _EradHWBP8Regs                            
1     0005e980  _EradCounter1Regs                         
1     0005e990  _EradCounter2Regs                         
1     0005e9a0  _EradCounter3Regs                         
1     0005e9b0  _EradCounter4Regs                         
1     0005f000  _DcsmBank0Z1Regs                          
1     0005f040  _DcsmBank0Z2Regs                          
1     0005f070  _DcsmCommonRegs                           
1     0005f100  _DcsmBank1Z1Regs                          
1     0005f140  _DcsmBank1Z2Regs                          
1     0005f400  _MemCfgRegs                               
1     0005f4c0  _AccessProtectionRegs                     
1     0005f500  _MemoryErrorRegs                          
1     0005f800  _Flash0CtrlRegs                           
1     0005fb00  _Flash0EccRegs                            
abs   00000000  _MW_RamfuncsLoadSize                      
abs   00000050  _RamfuncsLoadSize                         
abs   00000050  _RamfuncsRunSize                          
abs   00000400  __STACK_SIZE                              
abs   ffffffff  .text                                     
abs   ffffffff  ___TI_pprof_out_hndl                      
abs   ffffffff  ___TI_prof_data_size                      
abs   ffffffff  ___TI_prof_data_start                     
abs   ffffffff  ___binit__                                
abs   ffffffff  ___c_args__                               
abs   ffffffff  ___etext__                                
abs   ffffffff  ___pinit__                                
abs   ffffffff  ___text__                                 
abs   ffffffff  binit                                     
abs   ffffffff  etext                                     
abs   ffffffff  pinit                                     

[413 symbols]
